This is pdfTeX, Version 3.141592653-2.6-1.40.25 (TeX Live 2023/Debian) (preloaded format=pdflatex 2025.11.8)  14 JAN 2026 11:48
entering extended mode
 restricted \write18 enabled.
 %&-line parsing enabled.
**SUJET.tex
(./SUJET.tex
LaTeX2e <2023-11-01> patch level 1
L3 programming layer <2024-01-22>
(/usr/share/texlive/texmf-dist/tex/latex/base/article.cls
Document Class: article 2023/05/17 v1.4n Standard LaTeX document class
(/usr/share/texlive/texmf-dist/tex/latex/base/size10.clo
File: size10.clo 2023/05/17 v1.4n Standard LaTeX file (size option)
)
\c@part=\count187
\c@section=\count188
\c@subsection=\count189
\c@subsubsection=\count190
\c@paragraph=\count191
\c@subparagraph=\count192
\c@figure=\count193
\c@table=\count194
\abovecaptionskip=\skip48
\belowcaptionskip=\skip49
\bibindent=\dimen140
)
(/usr/share/texlive/texmf-dist/tex/latex/base/inputenc.sty
Package: inputenc 2021/02/14 v1.3d Input encoding file
\inpenc@prehook=\toks17
\inpenc@posthook=\toks18

(/usr/share/texlive/texmf-dist/tex/latex/ucs/utf8x.def
File: utf8x.def 2023/11/09 UCS: Input encoding UTF-8


Package ucs Info: utf8x disabled, assuming standard utf8 processing
(ucs)             load ucs package to force utf8x processing.

(/usr/share/texlive/texmf-dist/tex/latex/base/utf8.def
File: utf8.def 2022/06/07 v1.3c UTF-8 support
Now handling font encoding OML ...
... no UTF-8 mapping file for font encoding OML
Now handling font encoding OMS ...
... processing UTF-8 mapping file for font encoding OMS

(/usr/share/texlive/texmf-dist/tex/latex/base/omsenc.dfu
File: omsenc.dfu 2022/06/07 v1.3c UTF-8 support
   defining Unicode char U+00A7 (decimal 167)
   defining Unicode char U+00B6 (decimal 182)
   defining Unicode char U+00B7 (decimal 183)
   defining Unicode char U+2020 (decimal 8224)
   defining Unicode char U+2021 (decimal 8225)
   defining Unicode char U+2022 (decimal 8226)
)
Now handling font encoding OT1 ...
... processing UTF-8 mapping file for font encoding OT1

(/usr/share/texlive/texmf-dist/tex/latex/base/ot1enc.dfu
File: ot1enc.dfu 2022/06/07 v1.3c UTF-8 support
   defining Unicode char U+00A0 (decimal 160)
   defining Unicode char U+00A1 (decimal 161)
   defining Unicode char U+00A3 (decimal 163)
   defining Unicode char U+00AD (decimal 173)
   defining Unicode char U+00B8 (decimal 184)
   defining Unicode char U+00BF (decimal 191)
   defining Unicode char U+00C5 (decimal 197)
   defining Unicode char U+00C6 (decimal 198)
   defining Unicode char U+00D8 (decimal 216)
   defining Unicode char U+00DF (decimal 223)
   defining Unicode char U+00E6 (decimal 230)
   defining Unicode char U+00EC (decimal 236)
   defining Unicode char U+00ED (decimal 237)
   defining Unicode char U+00EE (decimal 238)
   defining Unicode char U+00EF (decimal 239)
   defining Unicode char U+00F8 (decimal 248)
   defining Unicode char U+0131 (decimal 305)
   defining Unicode char U+0141 (decimal 321)
   defining Unicode char U+0142 (decimal 322)
   defining Unicode char U+0152 (decimal 338)
   defining Unicode char U+0153 (decimal 339)
   defining Unicode char U+0174 (decimal 372)
   defining Unicode char U+0175 (decimal 373)
   defining Unicode char U+0176 (decimal 374)
   defining Unicode char U+0177 (decimal 375)
   defining Unicode char U+0218 (decimal 536)
   defining Unicode char U+0219 (decimal 537)
   defining Unicode char U+021A (decimal 538)
   defining Unicode char U+021B (decimal 539)
   defining Unicode char U+0237 (decimal 567)
   defining Unicode char U+2013 (decimal 8211)
   defining Unicode char U+2014 (decimal 8212)
   defining Unicode char U+2018 (decimal 8216)
   defining Unicode char U+2019 (decimal 8217)
   defining Unicode char U+201C (decimal 8220)
   defining Unicode char U+201D (decimal 8221)
   defining Unicode char U+FB00 (decimal 64256)
   defining Unicode char U+FB01 (decimal 64257)
   defining Unicode char U+FB02 (decimal 64258)
   defining Unicode char U+FB03 (decimal 64259)
   defining Unicode char U+FB04 (decimal 64260)
   defining Unicode char U+FB05 (decimal 64261)
   defining Unicode char U+FB06 (decimal 64262)
)
Now handling font encoding T1 ...
... processing UTF-8 mapping file for font encoding T1

(/usr/share/texlive/texmf-dist/tex/latex/base/t1enc.dfu
File: t1enc.dfu 2022/06/07 v1.3c UTF-8 support
   defining Unicode char U+00A0 (decimal 160)
   defining Unicode char U+00A1 (decimal 161)
   defining Unicode char U+00A3 (decimal 163)
   defining Unicode char U+00AB (decimal 171)
   defining Unicode char U+00AD (decimal 173)
   defining Unicode char U+00BB (decimal 187)
   defining Unicode char U+00BF (decimal 191)
   defining Unicode char U+00C0 (decimal 192)
   defining Unicode char U+00C1 (decimal 193)
   defining Unicode char U+00C2 (decimal 194)
   defining Unicode char U+00C3 (decimal 195)
   defining Unicode char U+00C4 (decimal 196)
   defining Unicode char U+00C5 (decimal 197)
   defining Unicode char U+00C6 (decimal 198)
   defining Unicode char U+00C7 (decimal 199)
   defining Unicode char U+00C8 (decimal 200)
   defining Unicode char U+00C9 (decimal 201)
   defining Unicode char U+00CA (decimal 202)
   defining Unicode char U+00CB (decimal 203)
   defining Unicode char U+00CC (decimal 204)
   defining Unicode char U+00CD (decimal 205)
   defining Unicode char U+00CE (decimal 206)
   defining Unicode char U+00CF (decimal 207)
   defining Unicode char U+00D0 (decimal 208)
   defining Unicode char U+00D1 (decimal 209)
   defining Unicode char U+00D2 (decimal 210)
   defining Unicode char U+00D3 (decimal 211)
   defining Unicode char U+00D4 (decimal 212)
   defining Unicode char U+00D5 (decimal 213)
   defining Unicode char U+00D6 (decimal 214)
   defining Unicode char U+00D8 (decimal 216)
   defining Unicode char U+00D9 (decimal 217)
   defining Unicode char U+00DA (decimal 218)
   defining Unicode char U+00DB (decimal 219)
   defining Unicode char U+00DC (decimal 220)
   defining Unicode char U+00DD (decimal 221)
   defining Unicode char U+00DE (decimal 222)
   defining Unicode char U+00DF (decimal 223)
   defining Unicode char U+00E0 (decimal 224)
   defining Unicode char U+00E1 (decimal 225)
   defining Unicode char U+00E2 (decimal 226)
   defining Unicode char U+00E3 (decimal 227)
   defining Unicode char U+00E4 (decimal 228)
   defining Unicode char U+00E5 (decimal 229)
   defining Unicode char U+00E6 (decimal 230)
   defining Unicode char U+00E7 (decimal 231)
   defining Unicode char U+00E8 (decimal 232)
   defining Unicode char U+00E9 (decimal 233)
   defining Unicode char U+00EA (decimal 234)
   defining Unicode char U+00EB (decimal 235)
   defining Unicode char U+00EC (decimal 236)
   defining Unicode char U+00ED (decimal 237)
   defining Unicode char U+00EE (decimal 238)
   defining Unicode char U+00EF (decimal 239)
   defining Unicode char U+00F0 (decimal 240)
   defining Unicode char U+00F1 (decimal 241)
   defining Unicode char U+00F2 (decimal 242)
   defining Unicode char U+00F3 (decimal 243)
   defining Unicode char U+00F4 (decimal 244)
   defining Unicode char U+00F5 (decimal 245)
   defining Unicode char U+00F6 (decimal 246)
   defining Unicode char U+00F8 (decimal 248)
   defining Unicode char U+00F9 (decimal 249)
   defining Unicode char U+00FA (decimal 250)
   defining Unicode char U+00FB (decimal 251)
   defining Unicode char U+00FC (decimal 252)
   defining Unicode char U+00FD (decimal 253)
   defining Unicode char U+00FE (decimal 254)
   defining Unicode char U+00FF (decimal 255)
   defining Unicode char U+0100 (decimal 256)
   defining Unicode char U+0101 (decimal 257)
   defining Unicode char U+0102 (decimal 258)
   defining Unicode char U+0103 (decimal 259)
   defining Unicode char U+0104 (decimal 260)
   defining Unicode char U+0105 (decimal 261)
   defining Unicode char U+0106 (decimal 262)
   defining Unicode char U+0107 (decimal 263)
   defining Unicode char U+0108 (decimal 264)
   defining Unicode char U+0109 (decimal 265)
   defining Unicode char U+010A (decimal 266)
   defining Unicode char U+010B (decimal 267)
   defining Unicode char U+010C (decimal 268)
   defining Unicode char U+010D (decimal 269)
   defining Unicode char U+010E (decimal 270)
   defining Unicode char U+010F (decimal 271)
   defining Unicode char U+0110 (decimal 272)
   defining Unicode char U+0111 (decimal 273)
   defining Unicode char U+0112 (decimal 274)
   defining Unicode char U+0113 (decimal 275)
   defining Unicode char U+0114 (decimal 276)
   defining Unicode char U+0115 (decimal 277)
   defining Unicode char U+0116 (decimal 278)
   defining Unicode char U+0117 (decimal 279)
   defining Unicode char U+0118 (decimal 280)
   defining Unicode char U+0119 (decimal 281)
   defining Unicode char U+011A (decimal 282)
   defining Unicode char U+011B (decimal 283)
   defining Unicode char U+011C (decimal 284)
   defining Unicode char U+011D (decimal 285)
   defining Unicode char U+011E (decimal 286)
   defining Unicode char U+011F (decimal 287)
   defining Unicode char U+0120 (decimal 288)
   defining Unicode char U+0121 (decimal 289)
   defining Unicode char U+0122 (decimal 290)
   defining Unicode char U+0123 (decimal 291)
   defining Unicode char U+0124 (decimal 292)
   defining Unicode char U+0125 (decimal 293)
   defining Unicode char U+0128 (decimal 296)
   defining Unicode char U+0129 (decimal 297)
   defining Unicode char U+012A (decimal 298)
   defining Unicode char U+012B (decimal 299)
   defining Unicode char U+012C (decimal 300)
   defining Unicode char U+012D (decimal 301)
   defining Unicode char U+012E (decimal 302)
   defining Unicode char U+012F (decimal 303)
   defining Unicode char U+0130 (decimal 304)
   defining Unicode char U+0131 (decimal 305)
   defining Unicode char U+0132 (decimal 306)
   defining Unicode char U+0133 (decimal 307)
   defining Unicode char U+0134 (decimal 308)
   defining Unicode char U+0135 (decimal 309)
   defining Unicode char U+0136 (decimal 310)
   defining Unicode char U+0137 (decimal 311)
   defining Unicode char U+0139 (decimal 313)
   defining Unicode char U+013A (decimal 314)
   defining Unicode char U+013B (decimal 315)
   defining Unicode char U+013C (decimal 316)
   defining Unicode char U+013D (decimal 317)
   defining Unicode char U+013E (decimal 318)
   defining Unicode char U+0141 (decimal 321)
   defining Unicode char U+0142 (decimal 322)
   defining Unicode char U+0143 (decimal 323)
   defining Unicode char U+0144 (decimal 324)
   defining Unicode char U+0145 (decimal 325)
   defining Unicode char U+0146 (decimal 326)
   defining Unicode char U+0147 (decimal 327)
   defining Unicode char U+0148 (decimal 328)
   defining Unicode char U+014A (decimal 330)
   defining Unicode char U+014B (decimal 331)
   defining Unicode char U+014C (decimal 332)
   defining Unicode char U+014D (decimal 333)
   defining Unicode char U+014E (decimal 334)
   defining Unicode char U+014F (decimal 335)
   defining Unicode char U+0150 (decimal 336)
   defining Unicode char U+0151 (decimal 337)
   defining Unicode char U+0152 (decimal 338)
   defining Unicode char U+0153 (decimal 339)
   defining Unicode char U+0154 (decimal 340)
   defining Unicode char U+0155 (decimal 341)
   defining Unicode char U+0156 (decimal 342)
   defining Unicode char U+0157 (decimal 343)
   defining Unicode char U+0158 (decimal 344)
   defining Unicode char U+0159 (decimal 345)
   defining Unicode char U+015A (decimal 346)
   defining Unicode char U+015B (decimal 347)
   defining Unicode char U+015C (decimal 348)
   defining Unicode char U+015D (decimal 349)
   defining Unicode char U+015E (decimal 350)
   defining Unicode char U+015F (decimal 351)
   defining Unicode char U+0160 (decimal 352)
   defining Unicode char U+0161 (decimal 353)
   defining Unicode char U+0162 (decimal 354)
   defining Unicode char U+0163 (decimal 355)
   defining Unicode char U+0164 (decimal 356)
   defining Unicode char U+0165 (decimal 357)
   defining Unicode char U+0168 (decimal 360)
   defining Unicode char U+0169 (decimal 361)
   defining Unicode char U+016A (decimal 362)
   defining Unicode char U+016B (decimal 363)
   defining Unicode char U+016C (decimal 364)
   defining Unicode char U+016D (decimal 365)
   defining Unicode char U+016E (decimal 366)
   defining Unicode char U+016F (decimal 367)
   defining Unicode char U+0170 (decimal 368)
   defining Unicode char U+0171 (decimal 369)
   defining Unicode char U+0172 (decimal 370)
   defining Unicode char U+0173 (decimal 371)
   defining Unicode char U+0174 (decimal 372)
   defining Unicode char U+0175 (decimal 373)
   defining Unicode char U+0176 (decimal 374)
   defining Unicode char U+0177 (decimal 375)
   defining Unicode char U+0178 (decimal 376)
   defining Unicode char U+0179 (decimal 377)
   defining Unicode char U+017A (decimal 378)
   defining Unicode char U+017B (decimal 379)
   defining Unicode char U+017C (decimal 380)
   defining Unicode char U+017D (decimal 381)
   defining Unicode char U+017E (decimal 382)
   defining Unicode char U+01C4 (decimal 452)
   defining Unicode char U+01C5 (decimal 453)
   defining Unicode char U+01C6 (decimal 454)
   defining Unicode char U+01C7 (decimal 455)
   defining Unicode char U+01C8 (decimal 456)
   defining Unicode char U+01C9 (decimal 457)
   defining Unicode char U+01CA (decimal 458)
   defining Unicode char U+01CB (decimal 459)
   defining Unicode char U+01CC (decimal 460)
   defining Unicode char U+01CD (decimal 461)
   defining Unicode char U+01CE (decimal 462)
   defining Unicode char U+01CF (decimal 463)
   defining Unicode char U+01D0 (decimal 464)
   defining Unicode char U+01D1 (decimal 465)
   defining Unicode char U+01D2 (decimal 466)
   defining Unicode char U+01D3 (decimal 467)
   defining Unicode char U+01D4 (decimal 468)
   defining Unicode char U+01E2 (decimal 482)
   defining Unicode char U+01E3 (decimal 483)
   defining Unicode char U+01E6 (decimal 486)
   defining Unicode char U+01E7 (decimal 487)
   defining Unicode char U+01E8 (decimal 488)
   defining Unicode char U+01E9 (decimal 489)
   defining Unicode char U+01EA (decimal 490)
   defining Unicode char U+01EB (decimal 491)
   defining Unicode char U+01F0 (decimal 496)
   defining Unicode char U+01F4 (decimal 500)
   defining Unicode char U+01F5 (decimal 501)
   defining Unicode char U+0218 (decimal 536)
   defining Unicode char U+0219 (decimal 537)
   defining Unicode char U+021A (decimal 538)
   defining Unicode char U+021B (decimal 539)
   defining Unicode char U+0232 (decimal 562)
   defining Unicode char U+0233 (decimal 563)
   defining Unicode char U+0237 (decimal 567)
   defining Unicode char U+02D9 (decimal 729)
   defining Unicode char U+02DB (decimal 731)
   defining Unicode char U+1E02 (decimal 7682)
   defining Unicode char U+1E03 (decimal 7683)
   defining Unicode char U+1E0D (decimal 7693)
   defining Unicode char U+1E1E (decimal 7710)
   defining Unicode char U+1E1F (decimal 7711)
   defining Unicode char U+1E25 (decimal 7717)
   defining Unicode char U+1E30 (decimal 7728)
   defining Unicode char U+1E31 (decimal 7729)
   defining Unicode char U+1E37 (decimal 7735)
   defining Unicode char U+1E8E (decimal 7822)
   defining Unicode char U+1E8F (decimal 7823)
   defining Unicode char U+1E43 (decimal 7747)
   defining Unicode char U+1E45 (decimal 7749)
   defining Unicode char U+1E47 (decimal 7751)
   defining Unicode char U+1E5B (decimal 7771)
   defining Unicode char U+1E63 (decimal 7779)
   defining Unicode char U+1E6D (decimal 7789)
   defining Unicode char U+1E90 (decimal 7824)
   defining Unicode char U+1E91 (decimal 7825)
   defining Unicode char U+1E9E (decimal 7838)
   defining Unicode char U+1EF2 (decimal 7922)
   defining Unicode char U+1EF3 (decimal 7923)
   defining Unicode char U+200C (decimal 8204)
   defining Unicode char U+2010 (decimal 8208)
   defining Unicode char U+2011 (decimal 8209)
   defining Unicode char U+2012 (decimal 8210)
   defining Unicode char U+2013 (decimal 8211)
   defining Unicode char U+2014 (decimal 8212)
   defining Unicode char U+2015 (decimal 8213)
   defining Unicode char U+2018 (decimal 8216)
   defining Unicode char U+2019 (decimal 8217)
   defining Unicode char U+201A (decimal 8218)
   defining Unicode char U+201C (decimal 8220)
   defining Unicode char U+201D (decimal 8221)
   defining Unicode char U+201E (decimal 8222)
   defining Unicode char U+2030 (decimal 8240)
   defining Unicode char U+2031 (decimal 8241)
   defining Unicode char U+2039 (decimal 8249)
   defining Unicode char U+203A (decimal 8250)
   defining Unicode char U+2423 (decimal 9251)
   defining Unicode char U+1E20 (decimal 7712)
   defining Unicode char U+1E21 (decimal 7713)
   defining Unicode char U+FB00 (decimal 64256)
   defining Unicode char U+FB01 (decimal 64257)
   defining Unicode char U+FB02 (decimal 64258)
   defining Unicode char U+FB03 (decimal 64259)
   defining Unicode char U+FB04 (decimal 64260)
   defining Unicode char U+FB05 (decimal 64261)
   defining Unicode char U+FB06 (decimal 64262)
)
Now handling font encoding TS1 ...
... processing UTF-8 mapping file for font encoding TS1

(/usr/share/texlive/texmf-dist/tex/latex/base/ts1enc.dfu
File: ts1enc.dfu 2022/06/07 v1.3c UTF-8 support
   defining Unicode char U+00A2 (decimal 162)
   defining Unicode char U+00A3 (decimal 163)
   defining Unicode char U+00A4 (decimal 164)
   defining Unicode char U+00A5 (decimal 165)
   defining Unicode char U+00A6 (decimal 166)
   defining Unicode char U+00A7 (decimal 167)
   defining Unicode char U+00A8 (decimal 168)
   defining Unicode char U+00A9 (decimal 169)
   defining Unicode char U+00AA (decimal 170)
   defining Unicode char U+00AC (decimal 172)
   defining Unicode char U+00AE (decimal 174)
   defining Unicode char U+00AF (decimal 175)
   defining Unicode char U+00B0 (decimal 176)
   defining Unicode char U+00B1 (decimal 177)
   defining Unicode char U+00B2 (decimal 178)
   defining Unicode char U+00B3 (decimal 179)
   defining Unicode char U+00B4 (decimal 180)
   defining Unicode char U+00B5 (decimal 181)
   defining Unicode char U+00B6 (decimal 182)
   defining Unicode char U+00B7 (decimal 183)
   defining Unicode char U+00B9 (decimal 185)
   defining Unicode char U+00BA (decimal 186)
   defining Unicode char U+00BC (decimal 188)
   defining Unicode char U+00BD (decimal 189)
   defining Unicode char U+00BE (decimal 190)
   defining Unicode char U+00D7 (decimal 215)
   defining Unicode char U+00F7 (decimal 247)
   defining Unicode char U+0192 (decimal 402)
   defining Unicode char U+02C7 (decimal 711)
   defining Unicode char U+02D8 (decimal 728)
   defining Unicode char U+02DD (decimal 733)
   defining Unicode char U+0E3F (decimal 3647)
   defining Unicode char U+2016 (decimal 8214)
   defining Unicode char U+2020 (decimal 8224)
   defining Unicode char U+2021 (decimal 8225)
   defining Unicode char U+2022 (decimal 8226)
   defining Unicode char U+2030 (decimal 8240)
   defining Unicode char U+2031 (decimal 8241)
   defining Unicode char U+203B (decimal 8251)
   defining Unicode char U+203D (decimal 8253)
   defining Unicode char U+2044 (decimal 8260)
   defining Unicode char U+204E (decimal 8270)
   defining Unicode char U+2052 (decimal 8274)
   defining Unicode char U+20A1 (decimal 8353)
   defining Unicode char U+20A4 (decimal 8356)
   defining Unicode char U+20A6 (decimal 8358)
   defining Unicode char U+20A9 (decimal 8361)
   defining Unicode char U+20AB (decimal 8363)
   defining Unicode char U+20AC (decimal 8364)
   defining Unicode char U+20B1 (decimal 8369)
   defining Unicode char U+2103 (decimal 8451)
   defining Unicode char U+2116 (decimal 8470)
   defining Unicode char U+2117 (decimal 8471)
   defining Unicode char U+211E (decimal 8478)
   defining Unicode char U+2120 (decimal 8480)
   defining Unicode char U+2122 (decimal 8482)
   defining Unicode char U+2126 (decimal 8486)
   defining Unicode char U+2127 (decimal 8487)
   defining Unicode char U+212E (decimal 8494)
   defining Unicode char U+2190 (decimal 8592)
   defining Unicode char U+2191 (decimal 8593)
   defining Unicode char U+2192 (decimal 8594)
   defining Unicode char U+2193 (decimal 8595)
   defining Unicode char U+2329 (decimal 9001)
   defining Unicode char U+3008 (decimal 12296)
   defining Unicode char U+232A (decimal 9002)
   defining Unicode char U+3009 (decimal 12297)
   defining Unicode char U+2422 (decimal 9250)
   defining Unicode char U+25E6 (decimal 9702)
   defining Unicode char U+25EF (decimal 9711)
   defining Unicode char U+266A (decimal 9834)
   defining Unicode char U+27E8 (decimal 10216)
   defining Unicode char U+27E9 (decimal 10217)
   defining Unicode char U+FEFF (decimal 65279)
)
Now handling font encoding OMX ...
... no UTF-8 mapping file for font encoding OMX
Now handling font encoding U ...
... no UTF-8 mapping file for font encoding U
   defining Unicode char U+00A9 (decimal 169)
   defining Unicode char U+00AA (decimal 170)
   defining Unicode char U+00AE (decimal 174)
   defining Unicode char U+00BA (decimal 186)
   defining Unicode char U+02C6 (decimal 710)
   defining Unicode char U+02DC (decimal 732)
   defining Unicode char U+200C (decimal 8204)
   defining Unicode char U+2026 (decimal 8230)
   defining Unicode char U+2122 (decimal 8482)
   defining Unicode char U+2423 (decimal 9251)
   defining Unicode char U+FEFF (decimal 65279)
)))
(/usr/share/texlive/texmf-dist/tex/latex/base/fontenc.sty
Package: fontenc 2021/04/29 v2.0v Standard LaTeX package
)
(/usr/share/texmf/tex/latex/AMC/automultiplechoice.sty
AMC version: 2025/04/17 v1.7.0 r:ec7413fa
Package: automultiplechoice 2025/04/17 v1.7.0 r:ec7413fa
(/usr/share/texlive/texmf-dist/tex/latex/xcolor/xcolor.sty
Package: xcolor 2023/11/15 v3.01 LaTeX color extensions (UK)

(/usr/share/texlive/texmf-dist/tex/latex/graphics-cfg/color.cfg
File: color.cfg 2016/01/02 v1.6 sample color configuration
)
Package xcolor Info: Driver file: pdftex.def on input line 274.

(/usr/share/texlive/texmf-dist/tex/latex/graphics-def/pdftex.def
File: pdftex.def 2022/09/22 v1.2b Graphics/color driver for pdftex
)
(/usr/share/texlive/texmf-dist/tex/latex/graphics/mathcolor.ltx)
Package xcolor Info: Model `cmy' substituted by `cmy0' on input line 1350.
Package xcolor Info: Model `hsb' substituted by `rgb' on input line 1354.
Package xcolor Info: Model `RGB' extended on input line 1366.
Package xcolor Info: Model `HTML' substituted by `rgb' on input line 1368.
Package xcolor Info: Model `Hsb' substituted by `hsb' on input line 1369.
Package xcolor Info: Model `tHsb' substituted by `hsb' on input line 1370.
Package xcolor Info: Model `HSB' substituted by `hsb' on input line 1371.
Package xcolor Info: Model `Gray' substituted by `gray' on input line 1372.
Package xcolor Info: Model `wave' substituted by `hsb' on input line 1373.
)
(/usr/share/texlive/texmf-dist/tex/latex/fancyhdr/fancyhdr.sty
Package: fancyhdr 2022/11/09 v4.1 Extensive control of page headers and footers

\f@nch@headwidth=\skip50
\f@nch@O@elh=\skip51
\f@nch@O@erh=\skip52
\f@nch@O@olh=\skip53
\f@nch@O@orh=\skip54
\f@nch@O@elf=\skip55
\f@nch@O@erf=\skip56
\f@nch@O@olf=\skip57
\f@nch@O@orf=\skip58
)
(/usr/share/texlive/texmf-dist/tex/latex/xkeyval/xkeyval.sty
Package: xkeyval 2022/06/16 v2.9 package option processing (HA)

(/usr/share/texlive/texmf-dist/tex/generic/xkeyval/xkeyval.tex
(/usr/share/texlive/texmf-dist/tex/generic/xkeyval/xkvutils.tex
\XKV@toks=\toks19
\XKV@tempa@toks=\toks20

(/usr/share/texlive/texmf-dist/tex/generic/xkeyval/keyval.tex))
\XKV@depth=\count195
File: xkeyval.tex 2014/12/03 v2.7a key=value parser (HA)
))
(/usr/share/texlive/texmf-dist/tex/latex/graphics/rotating.sty
Package: rotating 2016/08/11 v2.16d rotated objects in LaTeX

(/usr/share/texlive/texmf-dist/tex/latex/graphics/graphicx.sty
Package: graphicx 2021/09/16 v1.2d Enhanced LaTeX Graphics (DPC,SPQR)

(/usr/share/texlive/texmf-dist/tex/latex/graphics/graphics.sty
Package: graphics 2022/03/10 v1.4e Standard LaTeX Graphics (DPC,SPQR)

(/usr/share/texlive/texmf-dist/tex/latex/graphics/trig.sty
Package: trig 2021/08/11 v1.11 sin cos tan (DPC)
)
(/usr/share/texlive/texmf-dist/tex/latex/graphics-cfg/graphics.cfg
File: graphics.cfg 2016/06/04 v1.11 sample graphics configuration
)
Package graphics Info: Driver file: pdftex.def on input line 107.
)
\Gin@req@height=\dimen141
\Gin@req@width=\dimen142
)
(/usr/share/texlive/texmf-dist/tex/latex/base/ifthen.sty
Package: ifthen 2022/04/13 v1.1d Standard LaTeX ifthen package (DPC)
)
\c@r@tfl@t=\count196
\rotFPtop=\skip59
\rotFPbot=\skip60
\rot@float@box=\box51
\rot@mess@toks=\toks21
)
(/usr/share/texlive/texmf-dist/tex/latex/fancybox/fancybox.sty
Package: fancybox 2010/05/15 1.4

Style option: `fancybox' v1.4 <2010/05/15> (tvz)
\@fancybox=\box52
\shadowsize=\dimen143
\@Sbox=\box53
\do@VerbBox=\toks22
\the@fancyput=\toks23
\this@fancyput=\toks24
\EndVerbatimTokens=\toks25
\Verbatim@Outfile=\write3
\Verbatim@Infile=\read2
) (/usr/share/texlive/texmf-dist/tex/latex/l3kernel/expl3.sty
Package: expl3 2024-01-22 L3 programming layer (loader) 

(/usr/share/texlive/texmf-dist/tex/latex/l3backend/l3backend-pdftex.def
File: l3backend-pdftex.def 2024-01-04 L3 backend support: PDF output (pdfTeX)
\l__color_backend_stack_int=\count197
\l__pdf_internal_box=\box54
))
(/usr/share/texlive/texmf-dist/tex/latex/csvsimple/csvsimple.sty
Package: csvsimple 2024/01/19 v2.6.0 LaTeX CSV file processing
)
(/usr/share/texlive/texmf-dist/tex/latex/csvsimple/csvsimple-legacy.sty
Package: csvsimple-legacy 2024/01/19 version 2.6.0 LaTeX2e CSV file processing

(/usr/share/texlive/texmf-dist/tex/latex/pgf/utilities/pgfrcs.sty
(/usr/share/texlive/texmf-dist/tex/generic/pgf/utilities/pgfutil-common.tex
\pgfutil@everybye=\toks26
\pgfutil@tempdima=\dimen144
\pgfutil@tempdimb=\dimen145
)
(/usr/share/texlive/texmf-dist/tex/generic/pgf/utilities/pgfutil-latex.def
\pgfutil@abb=\box55
)
(/usr/share/texlive/texmf-dist/tex/generic/pgf/utilities/pgfrcs.code.tex
(/usr/share/texlive/texmf-dist/tex/generic/pgf/pgf.revision.tex)
Package: pgfrcs 2023-01-15 v3.1.10 (3.1.10)
))
(/usr/share/texlive/texmf-dist/tex/latex/pgf/utilities/pgfkeys.sty
(/usr/share/texlive/texmf-dist/tex/generic/pgf/utilities/pgfkeys.code.tex
\pgfkeys@pathtoks=\toks27
\pgfkeys@temptoks=\toks28

(/usr/share/texlive/texmf-dist/tex/generic/pgf/utilities/pgfkeyslibraryfiltered
.code.tex
\pgfkeys@tmptoks=\toks29
))) (/usr/share/texlive/texmf-dist/tex/latex/etoolbox/etoolbox.sty
Package: etoolbox 2020/10/05 v2.5k e-TeX tools for LaTeX (JAW)
\etb@tempcnta=\count198
)
(/usr/share/texlive/texmf-dist/tex/latex/tools/shellesc.sty
Package: shellesc 2023/07/08 v1.0d unified shell escape interface for LaTeX
Package shellesc Info: Restricted shell escape enabled on input line 77.
)
\csv@file=\read3
\c@csvinputline=\count199
\c@csvrow=\count266
\c@csvcol=\count267
\csv@out=\write4
)
(/usr/share/texlive/texmf-dist/tex/latex/environ/environ.sty
Package: environ 2014/05/04 v0.3 A new way to define environments

(/usr/share/texlive/texmf-dist/tex/latex/trimspaces/trimspaces.sty
Package: trimspaces 2009/09/17 v1.1 Trim spaces around a token list
)
\@envbody=\toks30
)
Loading configuration file...
(./amc-compiled-config.tex)
\AMC@logfile=\write5
\openout5 = `amc-compiled.amc'.

\AMCload@counter=\count268
\AMCid@quest=\count269
\AMCid@check=\count270
\AMCid@etud=\count271
\AMCid@etudstart=\count272
\AMCid@etudfin=\count273
\AMCnum@copies=\count274
\AMCformVSpace=\dimen146
\AMCformHSpace=\dimen147
\AMCinterIrep=\dimen148
\AMCinterBrep=\dimen149
\AMCinterIquest=\dimen150
\AMCinterBquest=\dimen151
\AMCpostNquest=\dimen152
\AMCpostOquest=\dimen153
\AMCids@width=\dimen154
\AMCids@height=\dimen155
\AMC@SR=\count275
\AMC@SR@count=\count276
\AMC@SRnum=\count277
\AMC@sti=\count278
\AMC@stil=\count279
\AMCsw@p@=\toks31
\AMC@numerotation=\count280
\AMC@smashbox=\box56
\AMC@smashboxheight=\dimen156
\c@AMC@ncase=\count281
\AMC@boxedrule=\skip61
\AMC@crossrule=\skip62
\AMC@boxeddown=\skip63
\AMC@boxedwidth=\skip64
\AMC@boxedheight=\skip65
\AMC@oval@radius=\skip66
\AMC@outside@sep=\skip67
\AMC@CBtaille=\skip68
\AMCbin@sequence=\toks32
\AMCbin@number=\count282
\AMCbin@digit=\count283
\AMCbin@id=\count284
\AMCbin@did=\count285
\AMCbin@ndigits=\count286
\AMCbin@hsep=\dimen157
\AMCtok@k=\count287
\AMCtok@max=\count288
\AMCtok@size=\count289
\AMC@imax=\count290
\AMCtok@ik=\count291
\AMCloop@k=\count292
\AMCrep@count=\count293
\AMCrep@nn=\count294
\AMCrep@nnmax=\count295
\reponse@cxcix=\toks33
\reponse@cxcviii=\toks34
\reponse@cxcvii=\toks35
\reponse@cxcvi=\toks36
\reponse@cxcv=\toks37
\reponse@cxciv=\toks38
\reponse@cxciii=\toks39
\reponse@cxcii=\toks40
\reponse@cxci=\toks41
\reponse@cxc=\toks42
\reponse@clxxxix=\toks43
\reponse@clxxxviii=\toks44
\reponse@clxxxvii=\toks45
\reponse@clxxxvi=\toks46
\reponse@clxxxv=\toks47
\reponse@clxxxiv=\toks48
\reponse@clxxxiii=\toks49
\reponse@clxxxii=\toks50
\reponse@clxxxi=\toks51
\reponse@clxxx=\toks52
\reponse@clxxix=\toks53
\reponse@clxxviii=\toks54
\reponse@clxxvii=\toks55
\reponse@clxxvi=\toks56
\reponse@clxxv=\toks57
\reponse@clxxiv=\toks58
\reponse@clxxiii=\toks59
\reponse@clxxii=\toks60
\reponse@clxxi=\toks61
\reponse@clxx=\toks62
\reponse@clxix=\toks63
\reponse@clxviii=\toks64
\reponse@clxvii=\toks65
\reponse@clxvi=\toks66
\reponse@clxv=\toks67
\reponse@clxiv=\toks68
\reponse@clxiii=\toks69
\reponse@clxii=\toks70
\reponse@clxi=\toks71
\reponse@clx=\toks72
\reponse@clix=\toks73
\reponse@clviii=\toks74
\reponse@clvii=\toks75
\reponse@clvi=\toks76
\reponse@clv=\toks77
\reponse@cliv=\toks78
\reponse@cliii=\toks79
\reponse@clii=\toks80
\reponse@cli=\toks81
\reponse@cl=\toks82
\reponse@cxlix=\toks83
\reponse@cxlviii=\toks84
\reponse@cxlvii=\toks85
\reponse@cxlvi=\toks86
\reponse@cxlv=\toks87
\reponse@cxliv=\toks88
\reponse@cxliii=\toks89
\reponse@cxlii=\toks90
\reponse@cxli=\toks91
\reponse@cxl=\toks92
\reponse@cxxxix=\toks93
\reponse@cxxxviii=\toks94
\reponse@cxxxvii=\toks95
\reponse@cxxxvi=\toks96
\reponse@cxxxv=\toks97
\reponse@cxxxiv=\toks98
\reponse@cxxxiii=\toks99
\reponse@cxxxii=\toks100
\reponse@cxxxi=\toks101
\reponse@cxxx=\toks102
\reponse@cxxix=\toks103
\reponse@cxxviii=\toks104
\reponse@cxxvii=\toks105
\reponse@cxxvi=\toks106
\reponse@cxxv=\toks107
\reponse@cxxiv=\toks108
\reponse@cxxiii=\toks109
\reponse@cxxii=\toks110
\reponse@cxxi=\toks111
\reponse@cxx=\toks112
\reponse@cxix=\toks113
\reponse@cxviii=\toks114
\reponse@cxvii=\toks115
\reponse@cxvi=\toks116
\reponse@cxv=\toks117
\reponse@cxiv=\toks118
\reponse@cxiii=\toks119
\reponse@cxii=\toks120
\reponse@cxi=\toks121
\reponse@cx=\toks122
\reponse@cix=\toks123
\reponse@cviii=\toks124
\reponse@cvii=\toks125
\reponse@cvi=\toks126
\reponse@cv=\toks127
\reponse@civ=\toks128
\reponse@ciii=\toks129
\reponse@cii=\toks130
\reponse@ci=\toks131
\reponse@c=\toks132
\reponse@xcix=\toks133
\reponse@xcviii=\toks134
\reponse@xcvii=\toks135
\reponse@xcvi=\toks136
\reponse@xcv=\toks137
\reponse@xciv=\toks138
\reponse@xciii=\toks139
\reponse@xcii=\toks140
\reponse@xci=\toks141
\reponse@xc=\toks142
\reponse@lxxxix=\toks143
\reponse@lxxxviii=\toks144
\reponse@lxxxvii=\toks145
\reponse@lxxxvi=\toks146
\reponse@lxxxv=\toks147
\reponse@lxxxiv=\toks148
\reponse@lxxxiii=\toks149
\reponse@lxxxii=\toks150
\reponse@lxxxi=\toks151
\reponse@lxxx=\toks152
\reponse@lxxix=\toks153
\reponse@lxxviii=\toks154
\reponse@lxxvii=\toks155
\reponse@lxxvi=\toks156
\reponse@lxxv=\toks157
\reponse@lxxiv=\toks158
\reponse@lxxiii=\toks159
\reponse@lxxii=\toks160
\reponse@lxxi=\toks161
\reponse@lxx=\toks162
\reponse@lxix=\toks163
\reponse@lxviii=\toks164
\reponse@lxvii=\toks165
\reponse@lxvi=\toks166
\reponse@lxv=\toks167
\reponse@lxiv=\toks168
\reponse@lxiii=\toks169
\reponse@lxii=\toks170
\reponse@lxi=\toks171
\reponse@lx=\toks172
\reponse@lix=\toks173
\reponse@lviii=\toks174
\reponse@lvii=\toks175
\reponse@lvi=\toks176
\reponse@lv=\toks177
\reponse@liv=\toks178
\reponse@liii=\toks179
\reponse@lii=\toks180
\reponse@li=\toks181
\reponse@l=\toks182
\reponse@xlix=\toks183
\reponse@xlviii=\toks184
\reponse@xlvii=\toks185
\reponse@xlvi=\toks186
\reponse@xlv=\toks187
\reponse@xliv=\toks188
\reponse@xliii=\toks189
\reponse@xlii=\toks190
\reponse@xli=\toks191
\reponse@xl=\toks192
\reponse@xxxix=\toks193
\reponse@xxxviii=\toks194
\reponse@xxxvii=\toks195
\reponse@xxxvi=\toks196
\reponse@xxxv=\toks197
\reponse@xxxiv=\toks198
\reponse@xxxiii=\toks199
\reponse@xxxii=\toks200
\reponse@xxxi=\toks201
\reponse@xxx=\toks202
\reponse@xxix=\toks203
\reponse@xxviii=\toks204
\reponse@xxvii=\toks205
\reponse@xxvi=\toks206
\reponse@xxv=\toks207
\reponse@xxiv=\toks208
\reponse@xxiii=\toks209
\reponse@xxii=\toks210
\reponse@xxi=\toks211
\reponse@xx=\toks212
\reponse@xix=\toks213
\reponse@xviii=\toks214
\reponse@xvii=\toks215
\reponse@xvi=\toks216
\reponse@xv=\toks217
\reponse@xiv=\toks218
\reponse@xiii=\toks219
\reponse@xii=\toks220
\reponse@xi=\toks221
\reponse@x=\toks222
\reponse@ix=\toks223
\reponse@viii=\toks224
\reponse@vii=\toks225
\reponse@vi=\toks226
\reponse@v=\toks227
\reponse@iv=\toks228
\reponse@iii=\toks229
\reponse@ii=\toks230
\reponse@i=\toks231
\AMCnum@questions=\count296
\AMCrep@@count=\count297
\amc_memory_elts_count=\count298
\c@AMC@specsi=\count299
\AMC@coli=\count300
\AMC@tf@ncols=\count301
\AMCformTH=\dimen158
\AMC@tfcolw=\dimen159
\AMC@tfaw=\dimen160
\AMC@tfbox=\box57
\AMChorizAnswerSep=\skip69
\AMChorizBoxSep=\skip70
\AMC@mn@test=\skip71
\AMC@mn@sep=\skip72
\AMC@mn@leftmargin=\skip73
\AMC@mn@rightmargin=\skip74
\AMC@sz@width=\skip75
\AMC@sz@height=\skip76
\AMC@sz@depth=\skip77
\AMC@sza@width=\skip78
\AMC@sza@height=\skip79
\AMC@sza@depth=\skip80
\c@AMCquestionaff=\count302
\ouverte@vs=\dimen161
\AMC@chiffres=\count303
\AMCcodeHspace=\dimen162
\AMCcodeVspace=\dimen163
\amc_code_digit_n_int=\count304
\amc_multi_count_int=\count305
\amc_num_exponent_int=\count306
\amc_todigits_int=\count307
\AMCnumeric@Hspace=\dimen164
\AMCnumeric@Vspace=\dimen165
\amc_num_ndigits_int=\count308
\amc_num_decd_int=\count309
\amc_num_expo_int=\count310
\amc_num_base_int=\count311
\amc_vheadunitindex_int=\count312
\amc_num_exact_int=\count313
\amc_num_approx_int=\count314
\amc_num_digit_value_int=\count315
\amc_num_first_digit_int=\count316
\amc_num_digit_int=\count317
\amc_num_sign_int=\count318
\amc_num_expo_sign_int=\count319
\amc_num_correct_expo_int=\count320
\AMCopen@Hspace=\dimen166
\AMCopen@LineHeight=\dimen167
\AMCopen@Lines=\count321
\AMCopen@boxmargin=\dimen168
\AMCopen@boxframerule=\dimen169
\AMCopen@framerule=\dimen170
\AMC@addpages=\count322

(/usr/share/texlive/texmf-dist/tex/latex/etex-pkg/etex.sty
Package: etex 2016/08/01 v2.7 eTeX basic definition package (PEB,DPC)


Package etex Warning: Extended allocation already in use.
(etex)                etex.sty code will not be used.
(etex)                To force etex package to load, add
(etex)                \RequirePackage{etex}
(etex)                at the start of the document.

) ***SCORING***
(/usr/share/texlive/texmf-dist/tex/latex/geometry/geometry.sty
Package: geometry 2020/01/02 v5.9 Page Geometry

(/usr/share/texlive/texmf-dist/tex/generic/iftex/ifvtex.sty
Package: ifvtex 2019/10/25 v1.7 ifvtex legacy package. Use iftex instead.

(/usr/share/texlive/texmf-dist/tex/generic/iftex/iftex.sty
Package: iftex 2022/02/03 v1.0f TeX engine tests
))
\Gm@cnth=\count323
\Gm@cntv=\count324
\c@Gm@tempcnt=\count325
\Gm@bindingoffset=\dimen171
\Gm@wd@mp=\dimen172
\Gm@odd@mp=\dimen173
\Gm@even@mp=\dimen174
\Gm@layoutwidth=\dimen175
\Gm@layoutheight=\dimen176
\Gm@layouthoffset=\dimen177
\Gm@layoutvoffset=\dimen178
\Gm@dimlist=\toks232
)
\AMC@XYFILE=\write6
\openout6 = `amc-compiled.xy'.

)
(/usr/share/texlive/texmf-dist/tex/latex/tools/multicol.sty
Package: multicol 2023/03/30 v1.9f multicolumn formatting (FMi)
\c@tracingmulticols=\count326
\mult@box=\box58
\multicol@leftmargin=\dimen179
\c@unbalance=\count327
\c@collectmore=\count328
\doublecol@number=\count329
\multicoltolerance=\count330
\multicolpretolerance=\count331
\full@width=\dimen180
\page@free=\dimen181
\premulticols=\dimen182
\postmulticols=\dimen183
\multicolsep=\skip81
\multicolbaselineskip=\skip82
\partial@page=\box59
\last@line=\box60
\mc@boxedresult=\box61
\maxbalancingoverflow=\dimen184
\mult@rightbox=\box62
\mult@grightbox=\box63
\mult@firstbox=\box64
\mult@gfirstbox=\box65
\@tempa=\box66
\@tempa=\box67
\@tempa=\box68
\@tempa=\box69
\@tempa=\box70
\@tempa=\box71
\@tempa=\box72
\@tempa=\box73
\@tempa=\box74
\@tempa=\box75
\@tempa=\box76
\@tempa=\box77
\@tempa=\box78
\@tempa=\box79
\@tempa=\box80
\@tempa=\box81
\@tempa=\box82
\@tempa=\box83
\@tempa=\box84
\@tempa=\box85
\@tempa=\box86
\@tempa=\box87
\@tempa=\box88
\@tempa=\box89
\@tempa=\box90
\@tempa=\box91
\@tempa=\box92
\@tempa=\box93
\@tempa=\box94
\@tempa=\box95
\@tempa=\box96
\@tempa=\box97
\@tempa=\box98
\@tempa=\box99
\@tempa=\box100
\@tempa=\box101
\c@minrows=\count332
\c@columnbadness=\count333
\c@finalcolumnbadness=\count334
\last@try=\dimen185
\multicolovershoot=\dimen186
\multicolundershoot=\dimen187
\mult@nat@firstbox=\box102
\colbreak@box=\box103
\mc@col@check@num=\count335
)
(/usr/share/texlive/texmf-dist/tex/latex/titlesec/titlesec.sty
Package: titlesec 2023/10/27 v2.16 Sectioning titles
\ttl@box=\box104
\beforetitleunit=\skip83
\aftertitleunit=\skip84
\ttl@plus=\dimen188
\ttl@minus=\dimen189
\ttl@toksa=\toks233
\titlewidth=\dimen190
\titlewidthlast=\dimen191
\titlewidthfirst=\dimen192
)
(/usr/share/texlive/texmf-dist/tex/latex/enumitem/enumitem.sty
Package: enumitem 2019/06/20 v3.9 Customized lists
\enitkv@toks@=\toks234
\labelindent=\skip85
\enit@outerparindent=\dimen193
\enit@toks=\toks235
\enit@inbox=\box105
\enit@count@id=\count336
\enitdp@description=\count337
)
(/usr/share/texlive/texmf-dist/tex/latex/caption/caption.sty
Package: caption 2023/08/05 v3.6o Customizing captions (AR)

(/usr/share/texlive/texmf-dist/tex/latex/caption/caption3.sty
Package: caption3 2023/07/31 v2.4d caption3 kernel (AR)
\caption@tempdima=\dimen194
\captionmargin=\dimen195
\caption@leftmargin=\dimen196
\caption@rightmargin=\dimen197
\caption@width=\dimen198
\caption@indent=\dimen199
\caption@parindent=\dimen256
\caption@hangindent=\dimen257
Package caption Info: Standard document class detected.
)
\c@caption@flags=\count338
\c@continuedfloat=\count339
Package caption Info: rotating package is loaded.
)
(/usr/share/texlive/texmf-dist/tex/latex/amsmath/amsmath.sty
Package: amsmath 2023/05/13 v2.17o AMS math features
\@mathmargin=\skip86

For additional information on amsmath, use the `?' option.
(/usr/share/texlive/texmf-dist/tex/latex/amsmath/amstext.sty
Package: amstext 2021/08/26 v2.01 AMS text

(/usr/share/texlive/texmf-dist/tex/latex/amsmath/amsgen.sty
File: amsgen.sty 1999/11/30 v2.0 generic functions
\@emptytoks=\toks236
\ex@=\dimen258
))
(/usr/share/texlive/texmf-dist/tex/latex/amsmath/amsbsy.sty
Package: amsbsy 1999/11/29 v1.2d Bold Symbols
\pmbraise@=\dimen259
)
(/usr/share/texlive/texmf-dist/tex/latex/amsmath/amsopn.sty
Package: amsopn 2022/04/08 v2.04 operator names
)
\inf@bad=\count340
LaTeX Info: Redefining \frac on input line 234.
\uproot@=\count341
\leftroot@=\count342
LaTeX Info: Redefining \overline on input line 399.
LaTeX Info: Redefining \colon on input line 410.
\classnum@=\count343
\DOTSCASE@=\count344
LaTeX Info: Redefining \ldots on input line 496.
LaTeX Info: Redefining \dots on input line 499.
LaTeX Info: Redefining \cdots on input line 620.
\Mathstrutbox@=\box106
\strutbox@=\box107
LaTeX Info: Redefining \big on input line 722.
LaTeX Info: Redefining \Big on input line 723.
LaTeX Info: Redefining \bigg on input line 724.
LaTeX Info: Redefining \Bigg on input line 725.
\big@size=\dimen260
LaTeX Font Info:    Redeclaring font encoding OML on input line 743.
LaTeX Font Info:    Redeclaring font encoding OMS on input line 744.
\macc@depth=\count345
LaTeX Info: Redefining \bmod on input line 905.
LaTeX Info: Redefining \pmod on input line 910.
LaTeX Info: Redefining \smash on input line 940.
LaTeX Info: Redefining \relbar on input line 970.
LaTeX Info: Redefining \Relbar on input line 971.
\c@MaxMatrixCols=\count346
\dotsspace@=\muskip16
\c@parentequation=\count347
\dspbrk@lvl=\count348
\tag@help=\toks237
\row@=\count349
\column@=\count350
\maxfields@=\count351
\andhelp@=\toks238
\eqnshift@=\dimen261
\alignsep@=\dimen262
\tagshift@=\dimen263
\tagwidth@=\dimen264
\totwidth@=\dimen265
\lineht@=\dimen266
\@envbody=\toks239
\multlinegap=\skip87
\multlinetaggap=\skip88
\mathdisplay@stack=\toks240
LaTeX Info: Redefining \[ on input line 2953.
LaTeX Info: Redefining \] on input line 2954.
)
(/usr/share/texlive/texmf-dist/tex/latex/amsfonts/amsfonts.sty
Package: amsfonts 2013/01/14 v3.01 Basic AMSFonts support
\symAMSa=\mathgroup4
\symAMSb=\mathgroup5
LaTeX Font Info:    Redeclaring math symbol \hbar on input line 98.
LaTeX Font Info:    Overwriting math alphabet `\mathfrak' in version `bold'
(Font)                  U/euf/m/n --> U/euf/b/n on input line 106.
)
(/usr/share/texlive/texmf-dist/tex/latex/amsfonts/amssymb.sty
Package: amssymb 2013/01/14 v3.01 AMS font symbols
)
(/usr/share/texlive/texmf-dist/tex/latex/mathtools/mathtools.sty
Package: mathtools 2022/06/29 v1.29 mathematical typesetting tools

(/usr/share/texlive/texmf-dist/tex/latex/tools/calc.sty
Package: calc 2023/07/08 v4.3 Infix arithmetic (KKT,FJ)
\calc@Acount=\count352
\calc@Bcount=\count353
\calc@Adimen=\dimen267
\calc@Bdimen=\dimen268
\calc@Askip=\skip89
\calc@Bskip=\skip90
LaTeX Info: Redefining \setlength on input line 80.
LaTeX Info: Redefining \addtolength on input line 81.
\calc@Ccount=\count354
\calc@Cskip=\skip91
)
(/usr/share/texlive/texmf-dist/tex/latex/mathtools/mhsetup.sty
Package: mhsetup 2021/03/18 v1.4 programming setup (MH)
)
\g_MT_multlinerow_int=\count355
\l_MT_multwidth_dim=\dimen269
\origjot=\skip92
\l_MT_shortvdotswithinadjustabove_dim=\dimen270
\l_MT_shortvdotswithinadjustbelow_dim=\dimen271
\l_MT_above_intertext_sep=\dimen272
\l_MT_below_intertext_sep=\dimen273
\l_MT_above_shortintertext_sep=\dimen274
\l_MT_below_shortintertext_sep=\dimen275
\xmathstrut@box=\box108
\xmathstrut@dim=\dimen276
)
(/usr/share/texlive/texmf-dist/tex/latex/tools/tabularx.sty
Package: tabularx 2023/07/08 v2.11c `tabularx' package (DPC)

(/usr/share/texlive/texmf-dist/tex/latex/tools/array.sty
Package: array 2023/10/16 v2.5g Tabular extension package (FMi)
\col@sep=\dimen277
\ar@mcellbox=\box109
\extrarowheight=\dimen278
\NC@list=\toks241
\extratabsurround=\skip93
\backup@length=\skip94
\ar@cellbox=\box110
)
\TX@col@width=\dimen279
\TX@old@table=\dimen280
\TX@old@col=\dimen281
\TX@target=\dimen282
\TX@delta=\dimen283
\TX@cols=\count356
\TX@ftn=\toks242
)
(/usr/share/texlive/texmf-dist/tex/latex/pdfpages/pdfpages.sty
Package: pdfpages 2024/01/21 v0.5y Insert pages of external PDF documents (AM)

(/usr/share/texlive/texmf-dist/tex/latex/eso-pic/eso-pic.sty
Package: eso-pic 2023/05/03 v3.0c eso-pic (RN)
\ESO@tempdima=\dimen284
\ESO@tempdimb=\dimen285
)
\AM@pagewidth=\dimen286
\AM@pageheight=\dimen287
\AM@fboxrule=\dimen288

(/usr/share/texlive/texmf-dist/tex/latex/pdfpages/pppdftex.def
File: pppdftex.def 2024/01/21 v0.5y Pdfpages driver for pdfTeX (AM)
)
\pdfpages@includegraphics@status=\count357
\AM@pagebox=\box111
\AM@global@opts=\toks243
\AM@pagecnt=\count358
\AM@toc@title=\toks244
\AM@lof@heading=\toks245
\c@AM@survey=\count359
\AM@templatesizebox=\box112
)
(/usr/share/texlive/texmf-dist/tex/latex/tools/xspace.sty
Package: xspace 2014/10/28 v1.13 Space after command names (DPC,MH)
)
(/usr/share/texlive/texmf-dist/tex/latex/chngcntr/chngcntr.sty
Package: chngcntr 2018/04/09 v1.1a change counter resetting
Package chngcntr Info: \counterwithout already defined.
(chngcntr)             Quitting chngcntr on input line 21.
)
(/usr/share/texlive/texmf-dist/tex/latex/blindtext/blindtext.sty
Package: blindtext 2012/01/06 V2.0 blindtext-Package
\c@blindtext=\count360
\c@Blindtext=\count361
\c@blind@countparstart=\count362
\blind@countxx=\count363
\blindtext@numBlindtext=\count364
\blind@countyy=\count365
\c@blindlist=\count366
\c@blindlistlevel=\count367
\c@blindlist@level=\count368
\blind@listitem=\count369
\c@blind@listcount=\count370
\c@blind@levelcount=\count371
\blind@mathformula=\count372
\blind@Mathformula=\count373
\c@blind@randomcount=\count374
\c@blind@randommax=\count375
\c@blind@pangramcount=\count376
\c@blind@pangrammax=\count377
)
(./amc-compiled.aux)
\openout1 = `amc-compiled.aux'.

LaTeX Font Info:    Checking defaults for OML/cmm/m/it on input line 85.
LaTeX Font Info:    ... okay on input line 85.
LaTeX Font Info:    Checking defaults for OMS/cmsy/m/n on input line 85.
LaTeX Font Info:    ... okay on input line 85.
LaTeX Font Info:    Checking defaults for OT1/cmr/m/n on input line 85.
LaTeX Font Info:    ... okay on input line 85.
LaTeX Font Info:    Checking defaults for T1/cmr/m/n on input line 85.
LaTeX Font Info:    ... okay on input line 85.
LaTeX Font Info:    Checking defaults for TS1/cmr/m/n on input line 85.
LaTeX Font Info:    ... okay on input line 85.
LaTeX Font Info:    Checking defaults for OMX/cmex/m/n on input line 85.
LaTeX Font Info:    ... okay on input line 85.
LaTeX Font Info:    Checking defaults for U/cmr/m/n on input line 85.
LaTeX Font Info:    ... okay on input line 85.

(/usr/share/texlive/texmf-dist/tex/context/base/mkii/supp-pdf.mkii
[Loading MPS to PDF converter (version 2006.09.02).]
\scratchcounter=\count378
\scratchdimen=\dimen289
\scratchbox=\box113
\nofMPsegments=\count379
\nofMParguments=\count380
\everyMPshowfont=\toks246
\MPscratchCnt=\count381
\MPscratchDim=\dimen290
\MPnumerator=\count382
\makeMPintoPDFobject=\count383
\everyMPtoPDFconversion=\toks247
) (/usr/share/texlive/texmf-dist/tex/latex/epstopdf-pkg/epstopdf-base.sty
Package: epstopdf-base 2020-01-24 v2.11 Base part for package epstopdf
Package epstopdf-base Info: Redefining graphics rule for `.eps' on input line 4
85.

(/usr/share/texlive/texmf-dist/tex/latex/latexconfig/epstopdf-sys.cfg
File: epstopdf-sys.cfg 2010/07/13 v1.3 Configuration of (r)epstopdf for TeX Liv
e
))
\AMC@ovalbox@R=\box114
\AMC@ovalbox@RF=\box115
\AMC@ovalbox@=\box116
\AMC@ovalbox@F=\box117

*geometry* driver: auto-detecting
*geometry* detected driver: pdftex
*geometry* verbose mode - [ preamble ] result:
* driver: pdftex
* paper: a4paper
* layout: <same size as paper>
* layoutoffset:(h,v)=(0.0pt,0.0pt)
* modes: includehead includefoot 
* h-part:(L,W,R)=(60.0pt, 477.50787pt, 60.0pt)
* v-part:(T,H,B)=(40.0pt, 755.04684pt, 50.0pt)
* \paperwidth=597.50787pt
* \paperheight=845.04684pt
* \textwidth=477.50787pt
* \textheight=648.14134pt
* \oddsidemargin=-12.26999pt
* \evensidemargin=-12.26999pt
* \topmargin=-32.26999pt
* \headheight=56.9055pt
* \headsep=30.0pt
* \topskip=10.0pt
* \footskip=20.0pt
* \marginparwidth=57.0pt
* \marginparsep=11.0pt
* \columnsep=10.0pt
* \skip\footins=9.0pt plus 4.0pt minus 2.0pt
* \hoffset=0.0pt
* \voffset=0.0pt
* \mag=1000
* \@twocolumnfalse
* \@twosidefalse
* \@mparswitchfalse
* \@reversemarginfalse
* (1in=72.27pt=25.4mm, 1cm=28.453pt)

Package caption Info: Begin \AtBeginDocument code.
Package caption Info: End \AtBeginDocument code.
(/usr/share/texlive/texmf-dist/tex/latex/pdflscape/pdflscape.sty
Package: pdflscape 2022-10-27 v0.13 Display of landscape pages in PDF

(/usr/share/texlive/texmf-dist/tex/latex/pdflscape/pdflscape-nometadata.sty
Package: pdflscape-nometadata 2022-10-28 v0.13 Display of landscape pages in PD
F (HO)

(/usr/share/texlive/texmf-dist/tex/latex/graphics/lscape.sty
Package: lscape 2020/05/28 v3.02 Landscape Pages (DPC)
)
Package pdflscape Info: Auto-detected driver: pdftex on input line 81.
))

AMC:copies:total=59
LaTeX Font Info:    Trying to load font information for U+msa on input line 292
.
(/usr/share/texlive/texmf-dist/tex/latex/amsfonts/umsa.fd
File: umsa.fd 2013/01/14 v3.01 AMS symbols A
)
LaTeX Font Info:    Trying to load font information for U+msb on input line 292
.

(/usr/share/texlive/texmf-dist/tex/latex/amsfonts/umsb.fd
File: umsb.fd 2013/01/14 v3.01 AMS symbols B
)
LaTeX Font Info:    Trying to load font information for T1+cmtt on input line 2
92.

(/usr/share/texlive/texmf-dist/tex/latex/base/t1cmtt.fd
File: t1cmtt.fd 2023/04/13 v2.5m Standard LaTeX font definitions
) [1{/var/lib/texmf/fonts/map/pdftex/updmap/pdftex.map}{/usr/share/texmf/fonts/
enc/dvips/cm-super/cm-super-t1.enc}

{/usr/share/texmf/fonts/enc/dvips/cm-super/cm-super-ts1.enc}]
<Figures/vs_is_vk_ik_dephasage_ar.png, id=14, 817.527pt x 347.115pt>
File: Figures/vs_is_vk_ik_dephasage_ar.png Graphic file (type png)
<use Figures/vs_is_vk_ik_dephasage_ar.png>
Package pdftex.def Info: Figures/vs_is_vk_ik_dephasage_ar.png  used on input li
ne 292.
(pdftex.def)             Requested size: 429.75417pt x 182.47115pt.
<Figures/vs_is_vk_ik_dephasage_av.png, id=16, 964.038pt x 285.357pt>
File: Figures/vs_is_vk_ik_dephasage_av.png Graphic file (type png)
<use Figures/vs_is_vk_ik_dephasage_av.png>
Package pdftex.def Info: Figures/vs_is_vk_ik_dephasage_av.png  used on input li
ne 292.
(pdftex.def)             Requested size: 429.75417pt x 127.2077pt.

[2 <./Figures/vs_is_vk_ik_dephasage_ar.png>] [3 <./Figures/vs_is_vk_ik_dephasag
e_av.png>] [4

] [5

] [6

] 
AMC:copies:add=1
[1


]
File: Figures/vs_is_vk_ik_dephasage_ar.png Graphic file (type png)
<use Figures/vs_is_vk_ik_dephasage_ar.png>
Package pdftex.def Info: Figures/vs_is_vk_ik_dephasage_ar.png  used on input li
ne 292.
(pdftex.def)             Requested size: 429.75417pt x 182.47115pt.
 [2]
File: Figures/vs_is_vk_ik_dephasage_av.png Graphic file (type png)
<use Figures/vs_is_vk_ik_dephasage_av.png>
Package pdftex.def Info: Figures/vs_is_vk_ik_dephasage_av.png  used on input li
ne 292.
(pdftex.def)             Requested size: 429.75417pt x 127.2077pt.
 [3] [4

] [5

] [6

] 
AMC:copies:add=1
[1


]
File: Figures/vs_is_vk_ik_dephasage_ar.png Graphic file (type png)
<use Figures/vs_is_vk_ik_dephasage_ar.png>
Package pdftex.def Info: Figures/vs_is_vk_ik_dephasage_ar.png  used on input li
ne 292.
(pdftex.def)             Requested size: 429.75417pt x 182.47115pt.
File: Figures/vs_is_vk_ik_dephasage_av.png Graphic file (type png)
<use Figures/vs_is_vk_ik_dephasage_av.png>
Package pdftex.def Info: Figures/vs_is_vk_ik_dephasage_av.png  used on input li
ne 292.
(pdftex.def)             Requested size: 429.75417pt x 127.2077pt.
 [2] [3] [4

] [5

] [6

] 
AMC:copies:add=1
[1


]
File: Figures/vs_is_vk_ik_dephasage_ar.png Graphic file (type png)
<use Figures/vs_is_vk_ik_dephasage_ar.png>
Package pdftex.def Info: Figures/vs_is_vk_ik_dephasage_ar.png  used on input li
ne 292.
(pdftex.def)             Requested size: 429.75417pt x 182.47115pt.
File: Figures/vs_is_vk_ik_dephasage_av.png Graphic file (type png)
<use Figures/vs_is_vk_ik_dephasage_av.png>
Package pdftex.def Info: Figures/vs_is_vk_ik_dephasage_av.png  used on input li
ne 292.
(pdftex.def)             Requested size: 429.75417pt x 127.2077pt.
 [2] [3] [4

] [5

] [6

] 
AMC:copies:add=1
[1


]
File: Figures/vs_is_vk_ik_dephasage_ar.png Graphic file (type png)
<use Figures/vs_is_vk_ik_dephasage_ar.png>
Package pdftex.def Info: Figures/vs_is_vk_ik_dephasage_ar.png  used on input li
ne 292.
(pdftex.def)             Requested size: 429.75417pt x 182.47115pt.
File: Figures/vs_is_vk_ik_dephasage_av.png Graphic file (type png)
<use Figures/vs_is_vk_ik_dephasage_av.png>
Package pdftex.def Info: Figures/vs_is_vk_ik_dephasage_av.png  used on input li
ne 292.
(pdftex.def)             Requested size: 429.75417pt x 127.2077pt.
 [2] [3] [4

] [5

] [6

] 
AMC:copies:add=1
[1


]
File: Figures/vs_is_vk_ik_dephasage_ar.png Graphic file (type png)
<use Figures/vs_is_vk_ik_dephasage_ar.png>
Package pdftex.def Info: Figures/vs_is_vk_ik_dephasage_ar.png  used on input li
ne 292.
(pdftex.def)             Requested size: 429.75417pt x 182.47115pt.
File: Figures/vs_is_vk_ik_dephasage_av.png Graphic file (type png)
<use Figures/vs_is_vk_ik_dephasage_av.png>
Package pdftex.def Info: Figures/vs_is_vk_ik_dephasage_av.png  used on input li
ne 292.
(pdftex.def)             Requested size: 429.75417pt x 127.2077pt.
 [2] [3] [4

] [5

] [6

] 
AMC:copies:add=1
[1


]
File: Figures/vs_is_vk_ik_dephasage_ar.png Graphic file (type png)
<use Figures/vs_is_vk_ik_dephasage_ar.png>
Package pdftex.def Info: Figures/vs_is_vk_ik_dephasage_ar.png  used on input li
ne 292.
(pdftex.def)             Requested size: 429.75417pt x 182.47115pt.
File: Figures/vs_is_vk_ik_dephasage_av.png Graphic file (type png)
<use Figures/vs_is_vk_ik_dephasage_av.png>
Package pdftex.def Info: Figures/vs_is_vk_ik_dephasage_av.png  used on input li
ne 292.
(pdftex.def)             Requested size: 429.75417pt x 127.2077pt.
 [2] [3] [4

] [5

] [6

] 
AMC:copies:add=1
[1


]
File: Figures/vs_is_vk_ik_dephasage_ar.png Graphic file (type png)
<use Figures/vs_is_vk_ik_dephasage_ar.png>
Package pdftex.def Info: Figures/vs_is_vk_ik_dephasage_ar.png  used on input li
ne 292.
(pdftex.def)             Requested size: 429.75417pt x 182.47115pt.
File: Figures/vs_is_vk_ik_dephasage_av.png Graphic file (type png)
<use Figures/vs_is_vk_ik_dephasage_av.png>
Package pdftex.def Info: Figures/vs_is_vk_ik_dephasage_av.png  used on input li
ne 292.
(pdftex.def)             Requested size: 429.75417pt x 127.2077pt.
 [2] [3] [4

] [5

] [6

] 
AMC:copies:add=1
[1


]
File: Figures/vs_is_vk_ik_dephasage_ar.png Graphic file (type png)
<use Figures/vs_is_vk_ik_dephasage_ar.png>
Package pdftex.def Info: Figures/vs_is_vk_ik_dephasage_ar.png  used on input li
ne 292.
(pdftex.def)             Requested size: 429.75417pt x 182.47115pt.
File: Figures/vs_is_vk_ik_dephasage_av.png Graphic file (type png)
<use Figures/vs_is_vk_ik_dephasage_av.png>
Package pdftex.def Info: Figures/vs_is_vk_ik_dephasage_av.png  used on input li
ne 292.
(pdftex.def)             Requested size: 429.75417pt x 127.2077pt.
 [2] [3] [4

] [5

] [6

] 
AMC:copies:add=1
[1


]
File: Figures/vs_is_vk_ik_dephasage_ar.png Graphic file (type png)
<use Figures/vs_is_vk_ik_dephasage_ar.png>
Package pdftex.def Info: Figures/vs_is_vk_ik_dephasage_ar.png  used on input li
ne 292.
(pdftex.def)             Requested size: 429.75417pt x 182.47115pt.
File: Figures/vs_is_vk_ik_dephasage_av.png Graphic file (type png)
<use Figures/vs_is_vk_ik_dephasage_av.png>
Package pdftex.def Info: Figures/vs_is_vk_ik_dephasage_av.png  used on input li
ne 292.
(pdftex.def)             Requested size: 429.75417pt x 127.2077pt.
 [2] [3] [4

] [5

] [6

] 
AMC:copies:add=1
[1


]
File: Figures/vs_is_vk_ik_dephasage_ar.png Graphic file (type png)
<use Figures/vs_is_vk_ik_dephasage_ar.png>
Package pdftex.def Info: Figures/vs_is_vk_ik_dephasage_ar.png  used on input li
ne 292.
(pdftex.def)             Requested size: 429.75417pt x 182.47115pt.
File: Figures/vs_is_vk_ik_dephasage_av.png Graphic file (type png)
<use Figures/vs_is_vk_ik_dephasage_av.png>
Package pdftex.def Info: Figures/vs_is_vk_ik_dephasage_av.png  used on input li
ne 292.
(pdftex.def)             Requested size: 429.75417pt x 127.2077pt.
 [2] [3] [4

] [5

] [6

] 
AMC:copies:add=1
[1


]
File: Figures/vs_is_vk_ik_dephasage_ar.png Graphic file (type png)
<use Figures/vs_is_vk_ik_dephasage_ar.png>
Package pdftex.def Info: Figures/vs_is_vk_ik_dephasage_ar.png  used on input li
ne 292.
(pdftex.def)             Requested size: 429.75417pt x 182.47115pt.
File: Figures/vs_is_vk_ik_dephasage_av.png Graphic file (type png)
<use Figures/vs_is_vk_ik_dephasage_av.png>
Package pdftex.def Info: Figures/vs_is_vk_ik_dephasage_av.png  used on input li
ne 292.
(pdftex.def)             Requested size: 429.75417pt x 127.2077pt.
 [2] [3] [4

] [5

] [6

] 
AMC:copies:add=1
[1


]
File: Figures/vs_is_vk_ik_dephasage_ar.png Graphic file (type png)
<use Figures/vs_is_vk_ik_dephasage_ar.png>
Package pdftex.def Info: Figures/vs_is_vk_ik_dephasage_ar.png  used on input li
ne 292.
(pdftex.def)             Requested size: 429.75417pt x 182.47115pt.
File: Figures/vs_is_vk_ik_dephasage_av.png Graphic file (type png)
<use Figures/vs_is_vk_ik_dephasage_av.png>
Package pdftex.def Info: Figures/vs_is_vk_ik_dephasage_av.png  used on input li
ne 292.
(pdftex.def)             Requested size: 429.75417pt x 127.2077pt.
 [2] [3] [4

] [5

] [6

] 
AMC:copies:add=1
[1


]
File: Figures/vs_is_vk_ik_dephasage_ar.png Graphic file (type png)
<use Figures/vs_is_vk_ik_dephasage_ar.png>
Package pdftex.def Info: Figures/vs_is_vk_ik_dephasage_ar.png  used on input li
ne 292.
(pdftex.def)             Requested size: 429.75417pt x 182.47115pt.
File: Figures/vs_is_vk_ik_dephasage_av.png Graphic file (type png)
<use Figures/vs_is_vk_ik_dephasage_av.png>
Package pdftex.def Info: Figures/vs_is_vk_ik_dephasage_av.png  used on input li
ne 292.
(pdftex.def)             Requested size: 429.75417pt x 127.2077pt.
 [2] [3] [4

] [5

] [6

] 
AMC:copies:add=1
[1


]
File: Figures/vs_is_vk_ik_dephasage_ar.png Graphic file (type png)
<use Figures/vs_is_vk_ik_dephasage_ar.png>
Package pdftex.def Info: Figures/vs_is_vk_ik_dephasage_ar.png  used on input li
ne 292.
(pdftex.def)             Requested size: 429.75417pt x 182.47115pt.
File: Figures/vs_is_vk_ik_dephasage_av.png Graphic file (type png)
<use Figures/vs_is_vk_ik_dephasage_av.png>
Package pdftex.def Info: Figures/vs_is_vk_ik_dephasage_av.png  used on input li
ne 292.
(pdftex.def)             Requested size: 429.75417pt x 127.2077pt.
 [2] [3] [4

] [5

] [6

] 
AMC:copies:add=1
[1


]
File: Figures/vs_is_vk_ik_dephasage_ar.png Graphic file (type png)
<use Figures/vs_is_vk_ik_dephasage_ar.png>
Package pdftex.def Info: Figures/vs_is_vk_ik_dephasage_ar.png  used on input li
ne 292.
(pdftex.def)             Requested size: 429.75417pt x 182.47115pt.
File: Figures/vs_is_vk_ik_dephasage_av.png Graphic file (type png)
<use Figures/vs_is_vk_ik_dephasage_av.png>
Package pdftex.def Info: Figures/vs_is_vk_ik_dephasage_av.png  used on input li
ne 292.
(pdftex.def)             Requested size: 429.75417pt x 127.2077pt.
 [2] [3] [4

] [5

] [6

] 
AMC:copies:add=1
[1


]
File: Figures/vs_is_vk_ik_dephasage_ar.png Graphic file (type png)
<use Figures/vs_is_vk_ik_dephasage_ar.png>
Package pdftex.def Info: Figures/vs_is_vk_ik_dephasage_ar.png  used on input li
ne 292.
(pdftex.def)             Requested size: 429.75417pt x 182.47115pt.
File: Figures/vs_is_vk_ik_dephasage_av.png Graphic file (type png)
<use Figures/vs_is_vk_ik_dephasage_av.png>
Package pdftex.def Info: Figures/vs_is_vk_ik_dephasage_av.png  used on input li
ne 292.
(pdftex.def)             Requested size: 429.75417pt x 127.2077pt.
 [2] [3] [4

] [5

] [6

] 
AMC:copies:add=1
[1


]
File: Figures/vs_is_vk_ik_dephasage_ar.png Graphic file (type png)
<use Figures/vs_is_vk_ik_dephasage_ar.png>
Package pdftex.def Info: Figures/vs_is_vk_ik_dephasage_ar.png  used on input li
ne 292.
(pdftex.def)             Requested size: 429.75417pt x 182.47115pt.
File: Figures/vs_is_vk_ik_dephasage_av.png Graphic file (type png)
<use Figures/vs_is_vk_ik_dephasage_av.png>
Package pdftex.def Info: Figures/vs_is_vk_ik_dephasage_av.png  used on input li
ne 292.
(pdftex.def)             Requested size: 429.75417pt x 127.2077pt.
 [2] [3] [4

] [5

] [6

] 
AMC:copies:add=1
[1


]
File: Figures/vs_is_vk_ik_dephasage_ar.png Graphic file (type png)
<use Figures/vs_is_vk_ik_dephasage_ar.png>
Package pdftex.def Info: Figures/vs_is_vk_ik_dephasage_ar.png  used on input li
ne 292.
(pdftex.def)             Requested size: 429.75417pt x 182.47115pt.
 [2]
File: Figures/vs_is_vk_ik_dephasage_av.png Graphic file (type png)
<use Figures/vs_is_vk_ik_dephasage_av.png>
Package pdftex.def Info: Figures/vs_is_vk_ik_dephasage_av.png  used on input li
ne 292.
(pdftex.def)             Requested size: 429.75417pt x 127.2077pt.
 [3] [4

] [5

] [6

] 
AMC:copies:add=1
[1


]
File: Figures/vs_is_vk_ik_dephasage_ar.png Graphic file (type png)
<use Figures/vs_is_vk_ik_dephasage_ar.png>
Package pdftex.def Info: Figures/vs_is_vk_ik_dephasage_ar.png  used on input li
ne 292.
(pdftex.def)             Requested size: 429.75417pt x 182.47115pt.
File: Figures/vs_is_vk_ik_dephasage_av.png Graphic file (type png)
<use Figures/vs_is_vk_ik_dephasage_av.png>
Package pdftex.def Info: Figures/vs_is_vk_ik_dephasage_av.png  used on input li
ne 292.
(pdftex.def)             Requested size: 429.75417pt x 127.2077pt.
 [2] [3] [4

] [5

] [6

] 
AMC:copies:add=1
[1


]
File: Figures/vs_is_vk_ik_dephasage_ar.png Graphic file (type png)
<use Figures/vs_is_vk_ik_dephasage_ar.png>
Package pdftex.def Info: Figures/vs_is_vk_ik_dephasage_ar.png  used on input li
ne 292.
(pdftex.def)             Requested size: 429.75417pt x 182.47115pt.
File: Figures/vs_is_vk_ik_dephasage_av.png Graphic file (type png)
<use Figures/vs_is_vk_ik_dephasage_av.png>
Package pdftex.def Info: Figures/vs_is_vk_ik_dephasage_av.png  used on input li
ne 292.
(pdftex.def)             Requested size: 429.75417pt x 127.2077pt.
 [2] [3] [4

] [5

] [6

] 
AMC:copies:add=1
[1


]
File: Figures/vs_is_vk_ik_dephasage_ar.png Graphic file (type png)
<use Figures/vs_is_vk_ik_dephasage_ar.png>
Package pdftex.def Info: Figures/vs_is_vk_ik_dephasage_ar.png  used on input li
ne 292.
(pdftex.def)             Requested size: 429.75417pt x 182.47115pt.
File: Figures/vs_is_vk_ik_dephasage_av.png Graphic file (type png)
<use Figures/vs_is_vk_ik_dephasage_av.png>
Package pdftex.def Info: Figures/vs_is_vk_ik_dephasage_av.png  used on input li
ne 292.
(pdftex.def)             Requested size: 429.75417pt x 127.2077pt.
 [2] [3] [4

] [5

] [6

] 
AMC:copies:add=1
[1


]
File: Figures/vs_is_vk_ik_dephasage_ar.png Graphic file (type png)
<use Figures/vs_is_vk_ik_dephasage_ar.png>
Package pdftex.def Info: Figures/vs_is_vk_ik_dephasage_ar.png  used on input li
ne 292.
(pdftex.def)             Requested size: 429.75417pt x 182.47115pt.
File: Figures/vs_is_vk_ik_dephasage_av.png Graphic file (type png)
<use Figures/vs_is_vk_ik_dephasage_av.png>
Package pdftex.def Info: Figures/vs_is_vk_ik_dephasage_av.png  used on input li
ne 292.
(pdftex.def)             Requested size: 429.75417pt x 127.2077pt.
 [2] [3] [4

] [5

] [6

] 
AMC:copies:add=1
[1


]
File: Figures/vs_is_vk_ik_dephasage_ar.png Graphic file (type png)
<use Figures/vs_is_vk_ik_dephasage_ar.png>
Package pdftex.def Info: Figures/vs_is_vk_ik_dephasage_ar.png  used on input li
ne 292.
(pdftex.def)             Requested size: 429.75417pt x 182.47115pt.
File: Figures/vs_is_vk_ik_dephasage_av.png Graphic file (type png)
<use Figures/vs_is_vk_ik_dephasage_av.png>
Package pdftex.def Info: Figures/vs_is_vk_ik_dephasage_av.png  used on input li
ne 292.
(pdftex.def)             Requested size: 429.75417pt x 127.2077pt.
 [2] [3] [4

] [5

] [6

] 
AMC:copies:add=1
[1


]
File: Figures/vs_is_vk_ik_dephasage_ar.png Graphic file (type png)
<use Figures/vs_is_vk_ik_dephasage_ar.png>
Package pdftex.def Info: Figures/vs_is_vk_ik_dephasage_ar.png  used on input li
ne 292.
(pdftex.def)             Requested size: 429.75417pt x 182.47115pt.
File: Figures/vs_is_vk_ik_dephasage_av.png Graphic file (type png)
<use Figures/vs_is_vk_ik_dephasage_av.png>
Package pdftex.def Info: Figures/vs_is_vk_ik_dephasage_av.png  used on input li
ne 292.
(pdftex.def)             Requested size: 429.75417pt x 127.2077pt.
 [2] [3] [4

] [5

] [6

] 
AMC:copies:add=1
[1


]
File: Figures/vs_is_vk_ik_dephasage_ar.png Graphic file (type png)
<use Figures/vs_is_vk_ik_dephasage_ar.png>
Package pdftex.def Info: Figures/vs_is_vk_ik_dephasage_ar.png  used on input li
ne 292.
(pdftex.def)             Requested size: 429.75417pt x 182.47115pt.
File: Figures/vs_is_vk_ik_dephasage_av.png Graphic file (type png)
<use Figures/vs_is_vk_ik_dephasage_av.png>
Package pdftex.def Info: Figures/vs_is_vk_ik_dephasage_av.png  used on input li
ne 292.
(pdftex.def)             Requested size: 429.75417pt x 127.2077pt.
 [2] [3] [4

] [5

] [6

] 
AMC:copies:add=1
[1


]
File: Figures/vs_is_vk_ik_dephasage_ar.png Graphic file (type png)
<use Figures/vs_is_vk_ik_dephasage_ar.png>
Package pdftex.def Info: Figures/vs_is_vk_ik_dephasage_ar.png  used on input li
ne 292.
(pdftex.def)             Requested size: 429.75417pt x 182.47115pt.
File: Figures/vs_is_vk_ik_dephasage_av.png Graphic file (type png)
<use Figures/vs_is_vk_ik_dephasage_av.png>
Package pdftex.def Info: Figures/vs_is_vk_ik_dephasage_av.png  used on input li
ne 292.
(pdftex.def)             Requested size: 429.75417pt x 127.2077pt.
 [2] [3] [4

] [5

] [6

] 
AMC:copies:add=1
[1


]
File: Figures/vs_is_vk_ik_dephasage_ar.png Graphic file (type png)
<use Figures/vs_is_vk_ik_dephasage_ar.png>
Package pdftex.def Info: Figures/vs_is_vk_ik_dephasage_ar.png  used on input li
ne 292.
(pdftex.def)             Requested size: 429.75417pt x 182.47115pt.
 [2]
File: Figures/vs_is_vk_ik_dephasage_av.png Graphic file (type png)
<use Figures/vs_is_vk_ik_dephasage_av.png>
Package pdftex.def Info: Figures/vs_is_vk_ik_dephasage_av.png  used on input li
ne 292.
(pdftex.def)             Requested size: 429.75417pt x 127.2077pt.
 [3] [4

] [5

] [6

] 
AMC:copies:add=1
[1


]
File: Figures/vs_is_vk_ik_dephasage_ar.png Graphic file (type png)
<use Figures/vs_is_vk_ik_dephasage_ar.png>
Package pdftex.def Info: Figures/vs_is_vk_ik_dephasage_ar.png  used on input li
ne 292.
(pdftex.def)             Requested size: 429.75417pt x 182.47115pt.
File: Figures/vs_is_vk_ik_dephasage_av.png Graphic file (type png)
<use Figures/vs_is_vk_ik_dephasage_av.png>
Package pdftex.def Info: Figures/vs_is_vk_ik_dephasage_av.png  used on input li
ne 292.
(pdftex.def)             Requested size: 429.75417pt x 127.2077pt.
 [2] [3] [4

] [5

] [6

] 
AMC:copies:add=1
[1


]
File: Figures/vs_is_vk_ik_dephasage_ar.png Graphic file (type png)
<use Figures/vs_is_vk_ik_dephasage_ar.png>
Package pdftex.def Info: Figures/vs_is_vk_ik_dephasage_ar.png  used on input li
ne 292.
(pdftex.def)             Requested size: 429.75417pt x 182.47115pt.
File: Figures/vs_is_vk_ik_dephasage_av.png Graphic file (type png)
<use Figures/vs_is_vk_ik_dephasage_av.png>
Package pdftex.def Info: Figures/vs_is_vk_ik_dephasage_av.png  used on input li
ne 292.
(pdftex.def)             Requested size: 429.75417pt x 127.2077pt.
 [2] [3] [4

] [5

] [6

] 
AMC:copies:add=1
[1


]
File: Figures/vs_is_vk_ik_dephasage_ar.png Graphic file (type png)
<use Figures/vs_is_vk_ik_dephasage_ar.png>
Package pdftex.def Info: Figures/vs_is_vk_ik_dephasage_ar.png  used on input li
ne 292.
(pdftex.def)             Requested size: 429.75417pt x 182.47115pt.
File: Figures/vs_is_vk_ik_dephasage_av.png Graphic file (type png)
<use Figures/vs_is_vk_ik_dephasage_av.png>
Package pdftex.def Info: Figures/vs_is_vk_ik_dephasage_av.png  used on input li
ne 292.
(pdftex.def)             Requested size: 429.75417pt x 127.2077pt.
 [2] [3] [4

] [5

] [6

] 
AMC:copies:add=1
[1


]
File: Figures/vs_is_vk_ik_dephasage_ar.png Graphic file (type png)
<use Figures/vs_is_vk_ik_dephasage_ar.png>
Package pdftex.def Info: Figures/vs_is_vk_ik_dephasage_ar.png  used on input li
ne 292.
(pdftex.def)             Requested size: 429.75417pt x 182.47115pt.
File: Figures/vs_is_vk_ik_dephasage_av.png Graphic file (type png)
<use Figures/vs_is_vk_ik_dephasage_av.png>
Package pdftex.def Info: Figures/vs_is_vk_ik_dephasage_av.png  used on input li
ne 292.
(pdftex.def)             Requested size: 429.75417pt x 127.2077pt.
 [2] [3] [4

] [5

] [6

] 
AMC:copies:add=1
[1


]
File: Figures/vs_is_vk_ik_dephasage_ar.png Graphic file (type png)
<use Figures/vs_is_vk_ik_dephasage_ar.png>
Package pdftex.def Info: Figures/vs_is_vk_ik_dephasage_ar.png  used on input li
ne 292.
(pdftex.def)             Requested size: 429.75417pt x 182.47115pt.
File: Figures/vs_is_vk_ik_dephasage_av.png Graphic file (type png)
<use Figures/vs_is_vk_ik_dephasage_av.png>
Package pdftex.def Info: Figures/vs_is_vk_ik_dephasage_av.png  used on input li
ne 292.
(pdftex.def)             Requested size: 429.75417pt x 127.2077pt.
 [2] [3] [4

] [5

] [6

] 
AMC:copies:add=1
[1


]
File: Figures/vs_is_vk_ik_dephasage_ar.png Graphic file (type png)
<use Figures/vs_is_vk_ik_dephasage_ar.png>
Package pdftex.def Info: Figures/vs_is_vk_ik_dephasage_ar.png  used on input li
ne 292.
(pdftex.def)             Requested size: 429.75417pt x 182.47115pt.
 [2]
File: Figures/vs_is_vk_ik_dephasage_av.png Graphic file (type png)
<use Figures/vs_is_vk_ik_dephasage_av.png>
Package pdftex.def Info: Figures/vs_is_vk_ik_dephasage_av.png  used on input li
ne 292.
(pdftex.def)             Requested size: 429.75417pt x 127.2077pt.
 [3] [4

] [5

] [6

] 
AMC:copies:add=1
[1


]
File: Figures/vs_is_vk_ik_dephasage_ar.png Graphic file (type png)
<use Figures/vs_is_vk_ik_dephasage_ar.png>
Package pdftex.def Info: Figures/vs_is_vk_ik_dephasage_ar.png  used on input li
ne 292.
(pdftex.def)             Requested size: 429.75417pt x 182.47115pt.
File: Figures/vs_is_vk_ik_dephasage_av.png Graphic file (type png)
<use Figures/vs_is_vk_ik_dephasage_av.png>
Package pdftex.def Info: Figures/vs_is_vk_ik_dephasage_av.png  used on input li
ne 292.
(pdftex.def)             Requested size: 429.75417pt x 127.2077pt.
 [2] [3] [4

] [5

] [6

] 
AMC:copies:add=1
[1


]
File: Figures/vs_is_vk_ik_dephasage_ar.png Graphic file (type png)
<use Figures/vs_is_vk_ik_dephasage_ar.png>
Package pdftex.def Info: Figures/vs_is_vk_ik_dephasage_ar.png  used on input li
ne 292.
(pdftex.def)             Requested size: 429.75417pt x 182.47115pt.
File: Figures/vs_is_vk_ik_dephasage_av.png Graphic file (type png)
<use Figures/vs_is_vk_ik_dephasage_av.png>
Package pdftex.def Info: Figures/vs_is_vk_ik_dephasage_av.png  used on input li
ne 292.
(pdftex.def)             Requested size: 429.75417pt x 127.2077pt.
 [2] [3] [4

] [5

] [6

] 
AMC:copies:add=1
[1


]
File: Figures/vs_is_vk_ik_dephasage_ar.png Graphic file (type png)
<use Figures/vs_is_vk_ik_dephasage_ar.png>
Package pdftex.def Info: Figures/vs_is_vk_ik_dephasage_ar.png  used on input li
ne 292.
(pdftex.def)             Requested size: 429.75417pt x 182.47115pt.
 [2]
File: Figures/vs_is_vk_ik_dephasage_av.png Graphic file (type png)
<use Figures/vs_is_vk_ik_dephasage_av.png>
Package pdftex.def Info: Figures/vs_is_vk_ik_dephasage_av.png  used on input li
ne 292.
(pdftex.def)             Requested size: 429.75417pt x 127.2077pt.
 [3] [4

] [5

] [6

] 
AMC:copies:add=1
[1


]
File: Figures/vs_is_vk_ik_dephasage_ar.png Graphic file (type png)
<use Figures/vs_is_vk_ik_dephasage_ar.png>
Package pdftex.def Info: Figures/vs_is_vk_ik_dephasage_ar.png  used on input li
ne 292.
(pdftex.def)             Requested size: 429.75417pt x 182.47115pt.
 [2]
File: Figures/vs_is_vk_ik_dephasage_av.png Graphic file (type png)
<use Figures/vs_is_vk_ik_dephasage_av.png>
Package pdftex.def Info: Figures/vs_is_vk_ik_dephasage_av.png  used on input li
ne 292.
(pdftex.def)             Requested size: 429.75417pt x 127.2077pt.
 [3] [4

] [5

] [6

] 
AMC:copies:add=1
[1


]
File: Figures/vs_is_vk_ik_dephasage_ar.png Graphic file (type png)
<use Figures/vs_is_vk_ik_dephasage_ar.png>
Package pdftex.def Info: Figures/vs_is_vk_ik_dephasage_ar.png  used on input li
ne 292.
(pdftex.def)             Requested size: 429.75417pt x 182.47115pt.
File: Figures/vs_is_vk_ik_dephasage_av.png Graphic file (type png)
<use Figures/vs_is_vk_ik_dephasage_av.png>
Package pdftex.def Info: Figures/vs_is_vk_ik_dephasage_av.png  used on input li
ne 292.
(pdftex.def)             Requested size: 429.75417pt x 127.2077pt.
 [2] [3] [4

] [5

] [6

] 
AMC:copies:add=1
[1


]
File: Figures/vs_is_vk_ik_dephasage_ar.png Graphic file (type png)
<use Figures/vs_is_vk_ik_dephasage_ar.png>
Package pdftex.def Info: Figures/vs_is_vk_ik_dephasage_ar.png  used on input li
ne 292.
(pdftex.def)             Requested size: 429.75417pt x 182.47115pt.
File: Figures/vs_is_vk_ik_dephasage_av.png Graphic file (type png)
<use Figures/vs_is_vk_ik_dephasage_av.png>
Package pdftex.def Info: Figures/vs_is_vk_ik_dephasage_av.png  used on input li
ne 292.
(pdftex.def)             Requested size: 429.75417pt x 127.2077pt.
 [2] [3] [4

] [5

] [6

] 
AMC:copies:add=1
[1


]
File: Figures/vs_is_vk_ik_dephasage_ar.png Graphic file (type png)
<use Figures/vs_is_vk_ik_dephasage_ar.png>
Package pdftex.def Info: Figures/vs_is_vk_ik_dephasage_ar.png  used on input li
ne 292.
(pdftex.def)             Requested size: 429.75417pt x 182.47115pt.
File: Figures/vs_is_vk_ik_dephasage_av.png Graphic file (type png)
<use Figures/vs_is_vk_ik_dephasage_av.png>
Package pdftex.def Info: Figures/vs_is_vk_ik_dephasage_av.png  used on input li
ne 292.
(pdftex.def)             Requested size: 429.75417pt x 127.2077pt.
 [2] [3] [4

] [5

] [6

] 
AMC:copies:add=1
[1


]
File: Figures/vs_is_vk_ik_dephasage_ar.png Graphic file (type png)
<use Figures/vs_is_vk_ik_dephasage_ar.png>
Package pdftex.def Info: Figures/vs_is_vk_ik_dephasage_ar.png  used on input li
ne 292.
(pdftex.def)             Requested size: 429.75417pt x 182.47115pt.
File: Figures/vs_is_vk_ik_dephasage_av.png Graphic file (type png)
<use Figures/vs_is_vk_ik_dephasage_av.png>
Package pdftex.def Info: Figures/vs_is_vk_ik_dephasage_av.png  used on input li
ne 292.
(pdftex.def)             Requested size: 429.75417pt x 127.2077pt.
 [2] [3] [4

] [5

] [6

] 
AMC:copies:add=1
[1


]
File: Figures/vs_is_vk_ik_dephasage_ar.png Graphic file (type png)
<use Figures/vs_is_vk_ik_dephasage_ar.png>
Package pdftex.def Info: Figures/vs_is_vk_ik_dephasage_ar.png  used on input li
ne 292.
(pdftex.def)             Requested size: 429.75417pt x 182.47115pt.
File: Figures/vs_is_vk_ik_dephasage_av.png Graphic file (type png)
<use Figures/vs_is_vk_ik_dephasage_av.png>
Package pdftex.def Info: Figures/vs_is_vk_ik_dephasage_av.png  used on input li
ne 292.
(pdftex.def)             Requested size: 429.75417pt x 127.2077pt.
 [2] [3] [4

] [5

] [6

] 
AMC:copies:add=1
[1


]
File: Figures/vs_is_vk_ik_dephasage_ar.png Graphic file (type png)
<use Figures/vs_is_vk_ik_dephasage_ar.png>
Package pdftex.def Info: Figures/vs_is_vk_ik_dephasage_ar.png  used on input li
ne 292.
(pdftex.def)             Requested size: 429.75417pt x 182.47115pt.
File: Figures/vs_is_vk_ik_dephasage_av.png Graphic file (type png)
<use Figures/vs_is_vk_ik_dephasage_av.png>
Package pdftex.def Info: Figures/vs_is_vk_ik_dephasage_av.png  used on input li
ne 292.
(pdftex.def)             Requested size: 429.75417pt x 127.2077pt.
 [2] [3] [4

] [5

] [6

] 
AMC:copies:add=1
[1


]
File: Figures/vs_is_vk_ik_dephasage_ar.png Graphic file (type png)
<use Figures/vs_is_vk_ik_dephasage_ar.png>
Package pdftex.def Info: Figures/vs_is_vk_ik_dephasage_ar.png  used on input li
ne 292.
(pdftex.def)             Requested size: 429.75417pt x 182.47115pt.
File: Figures/vs_is_vk_ik_dephasage_av.png Graphic file (type png)
<use Figures/vs_is_vk_ik_dephasage_av.png>
Package pdftex.def Info: Figures/vs_is_vk_ik_dephasage_av.png  used on input li
ne 292.
(pdftex.def)             Requested size: 429.75417pt x 127.2077pt.
 [2] [3] [4

] [5

] [6

] 
AMC:copies:add=1
[1


]
File: Figures/vs_is_vk_ik_dephasage_ar.png Graphic file (type png)
<use Figures/vs_is_vk_ik_dephasage_ar.png>
Package pdftex.def Info: Figures/vs_is_vk_ik_dephasage_ar.png  used on input li
ne 292.
(pdftex.def)             Requested size: 429.75417pt x 182.47115pt.
File: Figures/vs_is_vk_ik_dephasage_av.png Graphic file (type png)
<use Figures/vs_is_vk_ik_dephasage_av.png>
Package pdftex.def Info: Figures/vs_is_vk_ik_dephasage_av.png  used on input li
ne 292.
(pdftex.def)             Requested size: 429.75417pt x 127.2077pt.
 [2] [3] [4

] [5

] [6

] 
AMC:copies:add=1
[1


]
File: Figures/vs_is_vk_ik_dephasage_ar.png Graphic file (type png)
<use Figures/vs_is_vk_ik_dephasage_ar.png>
Package pdftex.def Info: Figures/vs_is_vk_ik_dephasage_ar.png  used on input li
ne 292.
(pdftex.def)             Requested size: 429.75417pt x 182.47115pt.
File: Figures/vs_is_vk_ik_dephasage_av.png Graphic file (type png)
<use Figures/vs_is_vk_ik_dephasage_av.png>
Package pdftex.def Info: Figures/vs_is_vk_ik_dephasage_av.png  used on input li
ne 292.
(pdftex.def)             Requested size: 429.75417pt x 127.2077pt.
 [2] [3] [4

] [5

] [6

] 
AMC:copies:add=1
[1


]
File: Figures/vs_is_vk_ik_dephasage_ar.png Graphic file (type png)
<use Figures/vs_is_vk_ik_dephasage_ar.png>
Package pdftex.def Info: Figures/vs_is_vk_ik_dephasage_ar.png  used on input li
ne 292.
(pdftex.def)             Requested size: 429.75417pt x 182.47115pt.
File: Figures/vs_is_vk_ik_dephasage_av.png Graphic file (type png)
<use Figures/vs_is_vk_ik_dephasage_av.png>
Package pdftex.def Info: Figures/vs_is_vk_ik_dephasage_av.png  used on input li
ne 292.
(pdftex.def)             Requested size: 429.75417pt x 127.2077pt.
 [2] [3] [4

] [5

] [6

] 
AMC:copies:add=1
[1


]
File: Figures/vs_is_vk_ik_dephasage_ar.png Graphic file (type png)
<use Figures/vs_is_vk_ik_dephasage_ar.png>
Package pdftex.def Info: Figures/vs_is_vk_ik_dephasage_ar.png  used on input li
ne 292.
(pdftex.def)             Requested size: 429.75417pt x 182.47115pt.
File: Figures/vs_is_vk_ik_dephasage_av.png Graphic file (type png)
<use Figures/vs_is_vk_ik_dephasage_av.png>
Package pdftex.def Info: Figures/vs_is_vk_ik_dephasage_av.png  used on input li
ne 292.
(pdftex.def)             Requested size: 429.75417pt x 127.2077pt.
 [2] [3] [4

] [5

] [6

] 
AMC:copies:add=1
[1


]
File: Figures/vs_is_vk_ik_dephasage_ar.png Graphic file (type png)
<use Figures/vs_is_vk_ik_dephasage_ar.png>
Package pdftex.def Info: Figures/vs_is_vk_ik_dephasage_ar.png  used on input li
ne 292.
(pdftex.def)             Requested size: 429.75417pt x 182.47115pt.
File: Figures/vs_is_vk_ik_dephasage_av.png Graphic file (type png)
<use Figures/vs_is_vk_ik_dephasage_av.png>
Package pdftex.def Info: Figures/vs_is_vk_ik_dephasage_av.png  used on input li
ne 292.
(pdftex.def)             Requested size: 429.75417pt x 127.2077pt.
 [2] [3] [4

] [5

] [6

] 
AMC:copies:add=1
[1


]
File: Figures/vs_is_vk_ik_dephasage_ar.png Graphic file (type png)
<use Figures/vs_is_vk_ik_dephasage_ar.png>
Package pdftex.def Info: Figures/vs_is_vk_ik_dephasage_ar.png  used on input li
ne 292.
(pdftex.def)             Requested size: 429.75417pt x 182.47115pt.
File: Figures/vs_is_vk_ik_dephasage_av.png Graphic file (type png)
<use Figures/vs_is_vk_ik_dephasage_av.png>
Package pdftex.def Info: Figures/vs_is_vk_ik_dephasage_av.png  used on input li
ne 292.
(pdftex.def)             Requested size: 429.75417pt x 127.2077pt.
 [2] [3] [4

] [5

] [6

] 
AMC:copies:add=1
[1


]
File: Figures/vs_is_vk_ik_dephasage_ar.png Graphic file (type png)
<use Figures/vs_is_vk_ik_dephasage_ar.png>
Package pdftex.def Info: Figures/vs_is_vk_ik_dephasage_ar.png  used on input li
ne 292.
(pdftex.def)             Requested size: 429.75417pt x 182.47115pt.
File: Figures/vs_is_vk_ik_dephasage_av.png Graphic file (type png)
<use Figures/vs_is_vk_ik_dephasage_av.png>
Package pdftex.def Info: Figures/vs_is_vk_ik_dephasage_av.png  used on input li
ne 292.
(pdftex.def)             Requested size: 429.75417pt x 127.2077pt.
 [2] [3] [4

] [5

] [6

] 
AMC:copies:add=1
[1


]
File: Figures/vs_is_vk_ik_dephasage_ar.png Graphic file (type png)
<use Figures/vs_is_vk_ik_dephasage_ar.png>
Package pdftex.def Info: Figures/vs_is_vk_ik_dephasage_ar.png  used on input li
ne 292.
(pdftex.def)             Requested size: 429.75417pt x 182.47115pt.
File: Figures/vs_is_vk_ik_dephasage_av.png Graphic file (type png)
<use Figures/vs_is_vk_ik_dephasage_av.png>
Package pdftex.def Info: Figures/vs_is_vk_ik_dephasage_av.png  used on input li
ne 292.
(pdftex.def)             Requested size: 429.75417pt x 127.2077pt.
 [2] [3] [4

] [5

] [6

] 
AMC:copies:add=1
[1


]
File: Figures/vs_is_vk_ik_dephasage_ar.png Graphic file (type png)
<use Figures/vs_is_vk_ik_dephasage_ar.png>
Package pdftex.def Info: Figures/vs_is_vk_ik_dephasage_ar.png  used on input li
ne 292.
(pdftex.def)             Requested size: 429.75417pt x 182.47115pt.
File: Figures/vs_is_vk_ik_dephasage_av.png Graphic file (type png)
<use Figures/vs_is_vk_ik_dephasage_av.png>
Package pdftex.def Info: Figures/vs_is_vk_ik_dephasage_av.png  used on input li
ne 292.
(pdftex.def)             Requested size: 429.75417pt x 127.2077pt.
 [2] [3] [4

] [5

] [6

] 
AMC:copies:add=1
[1


]
File: Figures/vs_is_vk_ik_dephasage_ar.png Graphic file (type png)
<use Figures/vs_is_vk_ik_dephasage_ar.png>
Package pdftex.def Info: Figures/vs_is_vk_ik_dephasage_ar.png  used on input li
ne 292.
(pdftex.def)             Requested size: 429.75417pt x 182.47115pt.
File: Figures/vs_is_vk_ik_dephasage_av.png Graphic file (type png)
<use Figures/vs_is_vk_ik_dephasage_av.png>
Package pdftex.def Info: Figures/vs_is_vk_ik_dephasage_av.png  used on input li
ne 292.
(pdftex.def)             Requested size: 429.75417pt x 127.2077pt.
 [2] [3] [4

] [5

] [6

] 
AMC:copies:add=1
[1


]
File: Figures/vs_is_vk_ik_dephasage_ar.png Graphic file (type png)
<use Figures/vs_is_vk_ik_dephasage_ar.png>
Package pdftex.def Info: Figures/vs_is_vk_ik_dephasage_ar.png  used on input li
ne 292.
(pdftex.def)             Requested size: 429.75417pt x 182.47115pt.
File: Figures/vs_is_vk_ik_dephasage_av.png Graphic file (type png)
<use Figures/vs_is_vk_ik_dephasage_av.png>
Package pdftex.def Info: Figures/vs_is_vk_ik_dephasage_av.png  used on input li
ne 292.
(pdftex.def)             Requested size: 429.75417pt x 127.2077pt.
 [2] [3] [4

] [5

] [6

] 
AMC:copies:add=1
[1


]
File: Figures/vs_is_vk_ik_dephasage_ar.png Graphic file (type png)
<use Figures/vs_is_vk_ik_dephasage_ar.png>
Package pdftex.def Info: Figures/vs_is_vk_ik_dephasage_ar.png  used on input li
ne 292.
(pdftex.def)             Requested size: 429.75417pt x 182.47115pt.
File: Figures/vs_is_vk_ik_dephasage_av.png Graphic file (type png)
<use Figures/vs_is_vk_ik_dephasage_av.png>
Package pdftex.def Info: Figures/vs_is_vk_ik_dephasage_av.png  used on input li
ne 292.
(pdftex.def)             Requested size: 429.75417pt x 127.2077pt.
 [2] [3] [4

] [5

] [6

] 
AMC:copies:add=1
[1


]
File: Figures/vs_is_vk_ik_dephasage_ar.png Graphic file (type png)
<use Figures/vs_is_vk_ik_dephasage_ar.png>
Package pdftex.def Info: Figures/vs_is_vk_ik_dephasage_ar.png  used on input li
ne 292.
(pdftex.def)             Requested size: 429.75417pt x 182.47115pt.
File: Figures/vs_is_vk_ik_dephasage_av.png Graphic file (type png)
<use Figures/vs_is_vk_ik_dephasage_av.png>
Package pdftex.def Info: Figures/vs_is_vk_ik_dephasage_av.png  used on input li
ne 292.
(pdftex.def)             Requested size: 429.75417pt x 127.2077pt.
 [2] [3] [4

] [5

] [6

] 
AMC:copies:add=1
[1


]
File: Figures/vs_is_vk_ik_dephasage_ar.png Graphic file (type png)
<use Figures/vs_is_vk_ik_dephasage_ar.png>
Package pdftex.def Info: Figures/vs_is_vk_ik_dephasage_ar.png  used on input li
ne 292.
(pdftex.def)             Requested size: 429.75417pt x 182.47115pt.
File: Figures/vs_is_vk_ik_dephasage_av.png Graphic file (type png)
<use Figures/vs_is_vk_ik_dephasage_av.png>
Package pdftex.def Info: Figures/vs_is_vk_ik_dephasage_av.png  used on input li
ne 292.
(pdftex.def)             Requested size: 429.75417pt x 127.2077pt.
 [2] [3] [4

] [5

] [6

] 
AMC:copies:add=1
(./amc-compiled.aux)
 ***********
LaTeX2e <2023-11-01> patch level 1
L3 programming layer <2024-01-22>
 ***********
 ) 
Here is how much of TeX's memory you used:
 11493 strings out of 476080
 198413 string characters out of 5792744
 1942975 words of memory out of 5000000
 33315 multiletter control sequences out of 15000+600000
 563738 words of font info for 51 fonts, out of 8000000 for 9000
 59 hyphenation exceptions out of 8191
 87i,16n,117p,386b,593s stack positions out of 10000i,1000n,20000p,200000b,200000s
</usr/share/texlive/texmf-dist/fonts/type1/public/amsfonts/cm/cmmi10.pfb></us
r/share/texlive/texmf-dist/fonts/type1/public/amsfonts/cm/cmmi5.pfb></usr/share
/texlive/texmf-dist/fonts/type1/public/amsfonts/cm/cmmi7.pfb></usr/share/texliv
e/texmf-dist/fonts/type1/public/amsfonts/cm/cmr10.pfb></usr/share/texlive/texmf
-dist/fonts/type1/public/amsfonts/cm/cmr7.pfb></usr/share/texlive/texmf-dist/fo
nts/type1/public/amsfonts/latxfont/lcircle1.pfb></usr/share/texmf/fonts/type1/p
ublic/cm-super/sfrm0800.pfb></usr/share/texmf/fonts/type1/public/cm-super/sfrm1
000.pfb></usr/share/texmf/fonts/type1/public/cm-super/sfrm2074.pfb></usr/share/
texmf/fonts/type1/public/cm-super/sfti1000.pfb></usr/share/texmf/fonts/type1/pu
blic/cm-super/sftt1000.pfb>
Output written on amc-compiled.pdf (354 pages, 1704517 bytes).
PDF statistics:
 1211 PDF objects out of 1440 (max. 8388607)
 819 compressed objects within 9 object streams
 0 named destinations out of 1000 (max. 500000)
 11 words of extra memory for PDF output out of 10000 (max. 10000000)

